Component: Arm Compiler for Embedded 6.23 Tool: armlink [5f102400]

==============================================================================

Section Cross References

    main.o(.ARM.exidx.text.SleepMilisecond) refers to main.o(.text.SleepMilisecond) for [Anonymous Symbol]
    main.o(.text.main) refers to main.o(.text.TimerMilisecondInitialize) for TimerMilisecondInitialize
    main.o(.text.main) refers to gpio_stm32f10x.o(.text.GPIO_PinConfigure) for GPIO_PinConfigure
    main.o(.text.main) refers to i2c_stm32f10x.o(.rodata.Driver_I2C1) for Driver_I2C1
    main.o(.text.main) refers to main.o(.text.I2C_EventCallback) for I2C_EventCallback
    main.o(.text.main) refers to main.o(.text.SleepMilisecond) for SleepMilisecond
    main.o(.ARM.exidx.text.main) refers to main.o(.text.main) for [Anonymous Symbol]
    main.o(.text.I2C_EventCallback) refers to main.o(.bss.I2C_Event) for I2C_Event
    main.o(.ARM.exidx.text.I2C_EventCallback) refers to main.o(.text.I2C_EventCallback) for [Anonymous Symbol]
    main.o(.ARM.exidx.text.TimerMilisecondInitialize) refers to main.o(.text.TimerMilisecondInitialize) for [Anonymous Symbol]
    i2c_stm32f10x.o(.text.I2C1_EV_IRQHandler) refers to i2c_stm32f10x.o(.rodata.I2C1_Resources) for I2C1_Resources
    i2c_stm32f10x.o(.text.I2C1_EV_IRQHandler) refers to i2c_stm32f10x.o(.text.I2C_EV_IRQHandler) for I2C_EV_IRQHandler
    i2c_stm32f10x.o(.ARM.exidx.text.I2C1_EV_IRQHandler) refers to i2c_stm32f10x.o(.text.I2C1_EV_IRQHandler) for [Anonymous Symbol]
    i2c_stm32f10x.o(.ARM.exidx.text.I2C_EV_IRQHandler) refers to i2c_stm32f10x.o(.text.I2C_EV_IRQHandler) for [Anonymous Symbol]
    i2c_stm32f10x.o(.text.I2C1_ER_IRQHandler) refers to i2c_stm32f10x.o(.rodata.I2C1_Resources) for I2C1_Resources
    i2c_stm32f10x.o(.text.I2C1_ER_IRQHandler) refers to i2c_stm32f10x.o(.text.I2C_ER_IRQHandler) for I2C_ER_IRQHandler
    i2c_stm32f10x.o(.ARM.exidx.text.I2C1_ER_IRQHandler) refers to i2c_stm32f10x.o(.text.I2C1_ER_IRQHandler) for [Anonymous Symbol]
    i2c_stm32f10x.o(.ARM.exidx.text.I2C_ER_IRQHandler) refers to i2c_stm32f10x.o(.text.I2C_ER_IRQHandler) for [Anonymous Symbol]
    i2c_stm32f10x.o(.ARM.exidx.text.I2CX_GetVersion) refers to i2c_stm32f10x.o(.text.I2CX_GetVersion) for [Anonymous Symbol]
    i2c_stm32f10x.o(.ARM.exidx.text.I2CX_GetCapabilities) refers to i2c_stm32f10x.o(.text.I2CX_GetCapabilities) for [Anonymous Symbol]
    i2c_stm32f10x.o(.text.I2C1_Initialize) refers to i2c_stm32f10x.o(.rodata.I2C1_Resources) for I2C1_Resources
    i2c_stm32f10x.o(.text.I2C1_Initialize) refers to i2c_stm32f10x.o(.text.I2C_Initialize) for I2C_Initialize
    i2c_stm32f10x.o(.ARM.exidx.text.I2C1_Initialize) refers to i2c_stm32f10x.o(.text.I2C1_Initialize) for [Anonymous Symbol]
    i2c_stm32f10x.o(.text.I2C1_Uninitialize) refers to i2c_stm32f10x.o(.rodata.I2C1_Resources) for I2C1_Resources
    i2c_stm32f10x.o(.text.I2C1_Uninitialize) refers to i2c_stm32f10x.o(.text.I2C_Uninitialize) for I2C_Uninitialize
    i2c_stm32f10x.o(.ARM.exidx.text.I2C1_Uninitialize) refers to i2c_stm32f10x.o(.text.I2C1_Uninitialize) for [Anonymous Symbol]
    i2c_stm32f10x.o(.text.I2C1_PowerControl) refers to i2c_stm32f10x.o(.rodata.I2C1_Resources) for I2C1_Resources
    i2c_stm32f10x.o(.text.I2C1_PowerControl) refers to i2c_stm32f10x.o(.text.I2C_PowerControl) for I2C_PowerControl
    i2c_stm32f10x.o(.ARM.exidx.text.I2C1_PowerControl) refers to i2c_stm32f10x.o(.text.I2C1_PowerControl) for [Anonymous Symbol]
    i2c_stm32f10x.o(.text.I2C1_MasterTransmit) refers to i2c_stm32f10x.o(.rodata.I2C1_Resources) for I2C1_Resources
    i2c_stm32f10x.o(.text.I2C1_MasterTransmit) refers to i2c_stm32f10x.o(.text.I2C_MasterTransmit) for I2C_MasterTransmit
    i2c_stm32f10x.o(.ARM.exidx.text.I2C1_MasterTransmit) refers to i2c_stm32f10x.o(.text.I2C1_MasterTransmit) for [Anonymous Symbol]
    i2c_stm32f10x.o(.text.I2C1_MasterReceive) refers to i2c_stm32f10x.o(.rodata.I2C1_Resources) for I2C1_Resources
    i2c_stm32f10x.o(.text.I2C1_MasterReceive) refers to i2c_stm32f10x.o(.text.I2C_MasterReceive) for I2C_MasterReceive
    i2c_stm32f10x.o(.ARM.exidx.text.I2C1_MasterReceive) refers to i2c_stm32f10x.o(.text.I2C1_MasterReceive) for [Anonymous Symbol]
    i2c_stm32f10x.o(.text.I2C1_SlaveTransmit) refers to i2c_stm32f10x.o(.rodata.I2C1_Resources) for I2C1_Resources
    i2c_stm32f10x.o(.text.I2C1_SlaveTransmit) refers to i2c_stm32f10x.o(.text.I2C_SlaveTransmit) for I2C_SlaveTransmit
    i2c_stm32f10x.o(.ARM.exidx.text.I2C1_SlaveTransmit) refers to i2c_stm32f10x.o(.text.I2C1_SlaveTransmit) for [Anonymous Symbol]
    i2c_stm32f10x.o(.text.I2C1_SlaveReceive) refers to i2c_stm32f10x.o(.rodata.I2C1_Resources) for I2C1_Resources
    i2c_stm32f10x.o(.text.I2C1_SlaveReceive) refers to i2c_stm32f10x.o(.text.I2C_SlaveReceive) for I2C_SlaveReceive
    i2c_stm32f10x.o(.ARM.exidx.text.I2C1_SlaveReceive) refers to i2c_stm32f10x.o(.text.I2C1_SlaveReceive) for [Anonymous Symbol]
    i2c_stm32f10x.o(.text.I2C1_GetDataCount) refers to i2c_stm32f10x.o(.rodata.I2C1_Resources) for I2C1_Resources
    i2c_stm32f10x.o(.text.I2C1_GetDataCount) refers to i2c_stm32f10x.o(.text.I2C_GetDataCount) for I2C_GetDataCount
    i2c_stm32f10x.o(.ARM.exidx.text.I2C1_GetDataCount) refers to i2c_stm32f10x.o(.text.I2C1_GetDataCount) for [Anonymous Symbol]
    i2c_stm32f10x.o(.text.I2C1_Control) refers to i2c_stm32f10x.o(.rodata.I2C1_Resources) for I2C1_Resources
    i2c_stm32f10x.o(.text.I2C1_Control) refers to i2c_stm32f10x.o(.text.I2C_Control) for I2C_Control
    i2c_stm32f10x.o(.ARM.exidx.text.I2C1_Control) refers to i2c_stm32f10x.o(.text.I2C1_Control) for [Anonymous Symbol]
    i2c_stm32f10x.o(.text.I2C1_GetStatus) refers to i2c_stm32f10x.o(.rodata.I2C1_Resources) for I2C1_Resources
    i2c_stm32f10x.o(.text.I2C1_GetStatus) refers to i2c_stm32f10x.o(.text.I2C_GetStatus) for I2C_GetStatus
    i2c_stm32f10x.o(.ARM.exidx.text.I2C1_GetStatus) refers to i2c_stm32f10x.o(.text.I2C1_GetStatus) for [Anonymous Symbol]
    i2c_stm32f10x.o(.text.I2C_Initialize) refers to gpio_stm32f10x.o(.text.GPIO_AFConfigure) for GPIO_AFConfigure
    i2c_stm32f10x.o(.text.I2C_Initialize) refers to gpio_stm32f10x.o(.text.GPIO_PortClock) for GPIO_PortClock
    i2c_stm32f10x.o(.text.I2C_Initialize) refers to gpio_stm32f10x.o(.text.GPIO_PinConfigure) for GPIO_PinConfigure
    i2c_stm32f10x.o(.ARM.exidx.text.I2C_Initialize) refers to i2c_stm32f10x.o(.text.I2C_Initialize) for [Anonymous Symbol]
    i2c_stm32f10x.o(.text.I2C_Uninitialize) refers to gpio_stm32f10x.o(.text.GPIO_PinConfigure) for GPIO_PinConfigure
    i2c_stm32f10x.o(.text.I2C_Uninitialize) refers to gpio_stm32f10x.o(.text.GPIO_AFConfigure) for GPIO_AFConfigure
    i2c_stm32f10x.o(.ARM.exidx.text.I2C_Uninitialize) refers to i2c_stm32f10x.o(.text.I2C_Uninitialize) for [Anonymous Symbol]
    i2c_stm32f10x.o(.text.I2C_PowerControl) refers to i2c_stm32f10x.o(.text.__NVIC_DisableIRQ) for __NVIC_DisableIRQ
    i2c_stm32f10x.o(.text.I2C_PowerControl) refers to i2c_stm32f10x.o(.text.__NVIC_ClearPendingIRQ) for __NVIC_ClearPendingIRQ
    i2c_stm32f10x.o(.text.I2C_PowerControl) refers to i2c_stm32f10x.o(.text.__NVIC_EnableIRQ) for __NVIC_EnableIRQ
    i2c_stm32f10x.o(.ARM.exidx.text.I2C_PowerControl) refers to i2c_stm32f10x.o(.text.I2C_PowerControl) for [Anonymous Symbol]
    i2c_stm32f10x.o(.ARM.exidx.text.__NVIC_DisableIRQ) refers to i2c_stm32f10x.o(.text.__NVIC_DisableIRQ) for [Anonymous Symbol]
    i2c_stm32f10x.o(.ARM.exidx.text.__NVIC_ClearPendingIRQ) refers to i2c_stm32f10x.o(.text.__NVIC_ClearPendingIRQ) for [Anonymous Symbol]
    i2c_stm32f10x.o(.ARM.exidx.text.__NVIC_EnableIRQ) refers to i2c_stm32f10x.o(.text.__NVIC_EnableIRQ) for [Anonymous Symbol]
    i2c_stm32f10x.o(.ARM.exidx.text.I2C_MasterTransmit) refers to i2c_stm32f10x.o(.text.I2C_MasterTransmit) for [Anonymous Symbol]
    i2c_stm32f10x.o(.ARM.exidx.text.I2C_MasterReceive) refers to i2c_stm32f10x.o(.text.I2C_MasterReceive) for [Anonymous Symbol]
    i2c_stm32f10x.o(.ARM.exidx.text.I2C_SlaveTransmit) refers to i2c_stm32f10x.o(.text.I2C_SlaveTransmit) for [Anonymous Symbol]
    i2c_stm32f10x.o(.ARM.exidx.text.I2C_SlaveReceive) refers to i2c_stm32f10x.o(.text.I2C_SlaveReceive) for [Anonymous Symbol]
    i2c_stm32f10x.o(.ARM.exidx.text.I2C_GetDataCount) refers to i2c_stm32f10x.o(.text.I2C_GetDataCount) for [Anonymous Symbol]
    i2c_stm32f10x.o(.text.I2C_Control) refers to system_stm32f10x.o(.text.SystemCoreClockUpdate) for SystemCoreClockUpdate
    i2c_stm32f10x.o(.text.I2C_Control) refers to system_stm32f10x.o(.data.SystemCoreClock) for SystemCoreClock
    i2c_stm32f10x.o(.text.I2C_Control) refers to i2c_stm32f10x.o(.text.GPIO_PinWrite) for GPIO_PinWrite
    i2c_stm32f10x.o(.text.I2C_Control) refers to gpio_stm32f10x.o(.text.GPIO_PinConfigure) for GPIO_PinConfigure
    i2c_stm32f10x.o(.text.I2C_Control) refers to i2c_stm32f10x.o(.text.GPIO_PinRead) for GPIO_PinRead
    i2c_stm32f10x.o(.ARM.exidx.text.I2C_Control) refers to i2c_stm32f10x.o(.text.I2C_Control) for [Anonymous Symbol]
    i2c_stm32f10x.o(.ARM.exidx.text.GPIO_PinWrite) refers to i2c_stm32f10x.o(.text.GPIO_PinWrite) for [Anonymous Symbol]
    i2c_stm32f10x.o(.ARM.exidx.text.GPIO_PinRead) refers to i2c_stm32f10x.o(.text.GPIO_PinRead) for [Anonymous Symbol]
    i2c_stm32f10x.o(.ARM.exidx.text.I2C_GetStatus) refers to i2c_stm32f10x.o(.text.I2C_GetStatus) for [Anonymous Symbol]
    i2c_stm32f10x.o(.rodata.I2C1_Resources) refers to i2c_stm32f10x.o(.bss.I2C1_Info) for [Anonymous Symbol]
    i2c_stm32f10x.o(.rodata.Driver_I2C1) refers to i2c_stm32f10x.o(.text.I2CX_GetVersion) for I2CX_GetVersion
    i2c_stm32f10x.o(.rodata.Driver_I2C1) refers to i2c_stm32f10x.o(.text.I2CX_GetCapabilities) for I2CX_GetCapabilities
    i2c_stm32f10x.o(.rodata.Driver_I2C1) refers to i2c_stm32f10x.o(.text.I2C1_Initialize) for I2C1_Initialize
    i2c_stm32f10x.o(.rodata.Driver_I2C1) refers to i2c_stm32f10x.o(.text.I2C1_Uninitialize) for I2C1_Uninitialize
    i2c_stm32f10x.o(.rodata.Driver_I2C1) refers to i2c_stm32f10x.o(.text.I2C1_PowerControl) for I2C1_PowerControl
    i2c_stm32f10x.o(.rodata.Driver_I2C1) refers to i2c_stm32f10x.o(.text.I2C1_MasterTransmit) for I2C1_MasterTransmit
    i2c_stm32f10x.o(.rodata.Driver_I2C1) refers to i2c_stm32f10x.o(.text.I2C1_MasterReceive) for I2C1_MasterReceive
    i2c_stm32f10x.o(.rodata.Driver_I2C1) refers to i2c_stm32f10x.o(.text.I2C1_SlaveTransmit) for I2C1_SlaveTransmit
    i2c_stm32f10x.o(.rodata.Driver_I2C1) refers to i2c_stm32f10x.o(.text.I2C1_SlaveReceive) for I2C1_SlaveReceive
    i2c_stm32f10x.o(.rodata.Driver_I2C1) refers to i2c_stm32f10x.o(.text.I2C1_GetDataCount) for I2C1_GetDataCount
    i2c_stm32f10x.o(.rodata.Driver_I2C1) refers to i2c_stm32f10x.o(.text.I2C1_Control) for I2C1_Control
    i2c_stm32f10x.o(.rodata.Driver_I2C1) refers to i2c_stm32f10x.o(.text.I2C1_GetStatus) for I2C1_GetStatus
    dma_stm32f10x.o(.text.DMA_ChannelInitialize) refers to dma_stm32f10x.o(.text.__NVIC_ClearPendingIRQ) for __NVIC_ClearPendingIRQ
    dma_stm32f10x.o(.text.DMA_ChannelInitialize) refers to dma_stm32f10x.o(.text.__NVIC_EnableIRQ) for __NVIC_EnableIRQ
    dma_stm32f10x.o(.text.DMA_ChannelInitialize) refers to dma_stm32f10x.o(.bss.DMA1_Channel) for DMA1_Channel
    dma_stm32f10x.o(.ARM.exidx.text.DMA_ChannelInitialize) refers to dma_stm32f10x.o(.text.DMA_ChannelInitialize) for [Anonymous Symbol]
    dma_stm32f10x.o(.ARM.exidx.text.__NVIC_ClearPendingIRQ) refers to dma_stm32f10x.o(.text.__NVIC_ClearPendingIRQ) for [Anonymous Symbol]
    dma_stm32f10x.o(.ARM.exidx.text.__NVIC_EnableIRQ) refers to dma_stm32f10x.o(.text.__NVIC_EnableIRQ) for [Anonymous Symbol]
    dma_stm32f10x.o(.text.DMA_ChannelUninitialize) refers to dma_stm32f10x.o(.bss.DMA1_Channel) for DMA1_Channel
    dma_stm32f10x.o(.text.DMA_ChannelUninitialize) refers to dma_stm32f10x.o(.text.__NVIC_DisableIRQ) for __NVIC_DisableIRQ
    dma_stm32f10x.o(.ARM.exidx.text.DMA_ChannelUninitialize) refers to dma_stm32f10x.o(.text.DMA_ChannelUninitialize) for [Anonymous Symbol]
    dma_stm32f10x.o(.ARM.exidx.text.__NVIC_DisableIRQ) refers to dma_stm32f10x.o(.text.__NVIC_DisableIRQ) for [Anonymous Symbol]
    dma_stm32f10x.o(.ARM.exidx.text.DMA1_Channel1_Event) refers to dma_stm32f10x.o(.text.DMA1_Channel1_Event) for [Anonymous Symbol]
    dma_stm32f10x.o(.ARM.exidx.text.DMA1_Channel2_Event) refers to dma_stm32f10x.o(.text.DMA1_Channel2_Event) for [Anonymous Symbol]
    dma_stm32f10x.o(.ARM.exidx.text.DMA1_Channel3_Event) refers to dma_stm32f10x.o(.text.DMA1_Channel3_Event) for [Anonymous Symbol]
    dma_stm32f10x.o(.ARM.exidx.text.DMA1_Channel4_Event) refers to dma_stm32f10x.o(.text.DMA1_Channel4_Event) for [Anonymous Symbol]
    dma_stm32f10x.o(.ARM.exidx.text.DMA1_Channel5_Event) refers to dma_stm32f10x.o(.text.DMA1_Channel5_Event) for [Anonymous Symbol]
    dma_stm32f10x.o(.ARM.exidx.text.DMA1_Channel6_Event) refers to dma_stm32f10x.o(.text.DMA1_Channel6_Event) for [Anonymous Symbol]
    dma_stm32f10x.o(.ARM.exidx.text.DMA1_Channel7_Event) refers to dma_stm32f10x.o(.text.DMA1_Channel7_Event) for [Anonymous Symbol]
    dma_stm32f10x.o(.text.DMA1_Channel1_IRQHandler) refers to dma_stm32f10x.o(.text.DMA1_Channel1_Event) for DMA1_Channel1_Event
    dma_stm32f10x.o(.ARM.exidx.text.DMA1_Channel1_IRQHandler) refers to dma_stm32f10x.o(.text.DMA1_Channel1_IRQHandler) for [Anonymous Symbol]
    dma_stm32f10x.o(.text.DMA1_Channel2_IRQHandler) refers to dma_stm32f10x.o(.text.DMA1_Channel2_Event) for DMA1_Channel2_Event
    dma_stm32f10x.o(.ARM.exidx.text.DMA1_Channel2_IRQHandler) refers to dma_stm32f10x.o(.text.DMA1_Channel2_IRQHandler) for [Anonymous Symbol]
    dma_stm32f10x.o(.text.DMA1_Channel3_IRQHandler) refers to dma_stm32f10x.o(.text.DMA1_Channel3_Event) for DMA1_Channel3_Event
    dma_stm32f10x.o(.ARM.exidx.text.DMA1_Channel3_IRQHandler) refers to dma_stm32f10x.o(.text.DMA1_Channel3_IRQHandler) for [Anonymous Symbol]
    dma_stm32f10x.o(.text.DMA1_Channel4_IRQHandler) refers to dma_stm32f10x.o(.text.DMA1_Channel4_Event) for DMA1_Channel4_Event
    dma_stm32f10x.o(.ARM.exidx.text.DMA1_Channel4_IRQHandler) refers to dma_stm32f10x.o(.text.DMA1_Channel4_IRQHandler) for [Anonymous Symbol]
    dma_stm32f10x.o(.text.DMA1_Channel5_IRQHandler) refers to dma_stm32f10x.o(.text.DMA1_Channel5_Event) for DMA1_Channel5_Event
    dma_stm32f10x.o(.ARM.exidx.text.DMA1_Channel5_IRQHandler) refers to dma_stm32f10x.o(.text.DMA1_Channel5_IRQHandler) for [Anonymous Symbol]
    dma_stm32f10x.o(.text.DMA1_Channel6_IRQHandler) refers to dma_stm32f10x.o(.text.DMA1_Channel6_Event) for DMA1_Channel6_Event
    dma_stm32f10x.o(.ARM.exidx.text.DMA1_Channel6_IRQHandler) refers to dma_stm32f10x.o(.text.DMA1_Channel6_IRQHandler) for [Anonymous Symbol]
    dma_stm32f10x.o(.text.DMA1_Channel7_IRQHandler) refers to dma_stm32f10x.o(.text.DMA1_Channel7_Event) for DMA1_Channel7_Event
    dma_stm32f10x.o(.ARM.exidx.text.DMA1_Channel7_IRQHandler) refers to dma_stm32f10x.o(.text.DMA1_Channel7_IRQHandler) for [Anonymous Symbol]
    gpio_stm32f10x.o(.ARM.exidx.text.GPIO_PortClock) refers to gpio_stm32f10x.o(.text.GPIO_PortClock) for [Anonymous Symbol]
    gpio_stm32f10x.o(.ARM.exidx.text.GPIO_GetPortClockState) refers to gpio_stm32f10x.o(.text.GPIO_GetPortClockState) for [Anonymous Symbol]
    gpio_stm32f10x.o(.text.GPIO_PinConfigure) refers to gpio_stm32f10x.o(.text.GPIO_GetPortClockState) for GPIO_GetPortClockState
    gpio_stm32f10x.o(.text.GPIO_PinConfigure) refers to gpio_stm32f10x.o(.text.GPIO_PortClock) for GPIO_PortClock
    gpio_stm32f10x.o(.ARM.exidx.text.GPIO_PinConfigure) refers to gpio_stm32f10x.o(.text.GPIO_PinConfigure) for [Anonymous Symbol]
    gpio_stm32f10x.o(.ARM.exidx.text.GPIO_AFConfigure) refers to gpio_stm32f10x.o(.text.GPIO_AFConfigure) for [Anonymous Symbol]
    startup_stm32f10x_md.o(STACK) refers (Special) to heapauxi.o(.text) for __use_two_region_memory
    startup_stm32f10x_md.o(HEAP) refers (Special) to heapauxi.o(.text) for __use_two_region_memory
    startup_stm32f10x_md.o(RESET) refers (Special) to heapauxi.o(.text) for __use_two_region_memory
    startup_stm32f10x_md.o(RESET) refers to startup_stm32f10x_md.o(STACK) for __initial_sp
    startup_stm32f10x_md.o(RESET) refers to startup_stm32f10x_md.o(.text) for Reset_Handler
    startup_stm32f10x_md.o(RESET) refers to dma_stm32f10x.o(.text.DMA1_Channel1_IRQHandler) for DMA1_Channel1_IRQHandler
    startup_stm32f10x_md.o(RESET) refers to dma_stm32f10x.o(.text.DMA1_Channel2_IRQHandler) for DMA1_Channel2_IRQHandler
    startup_stm32f10x_md.o(RESET) refers to dma_stm32f10x.o(.text.DMA1_Channel3_IRQHandler) for DMA1_Channel3_IRQHandler
    startup_stm32f10x_md.o(RESET) refers to dma_stm32f10x.o(.text.DMA1_Channel4_IRQHandler) for DMA1_Channel4_IRQHandler
    startup_stm32f10x_md.o(RESET) refers to dma_stm32f10x.o(.text.DMA1_Channel5_IRQHandler) for DMA1_Channel5_IRQHandler
    startup_stm32f10x_md.o(RESET) refers to dma_stm32f10x.o(.text.DMA1_Channel6_IRQHandler) for DMA1_Channel6_IRQHandler
    startup_stm32f10x_md.o(RESET) refers to dma_stm32f10x.o(.text.DMA1_Channel7_IRQHandler) for DMA1_Channel7_IRQHandler
    startup_stm32f10x_md.o(RESET) refers to i2c_stm32f10x.o(.text.I2C1_EV_IRQHandler) for I2C1_EV_IRQHandler
    startup_stm32f10x_md.o(RESET) refers to i2c_stm32f10x.o(.text.I2C1_ER_IRQHandler) for I2C1_ER_IRQHandler
    startup_stm32f10x_md.o(.text) refers (Special) to heapauxi.o(.text) for __use_two_region_memory
    startup_stm32f10x_md.o(.text) refers to system_stm32f10x.o(.text.SystemInit) for SystemInit
    startup_stm32f10x_md.o(.text) refers to __main.o(!!!main) for __main
    startup_stm32f10x_md.o(.text) refers to startup_stm32f10x_md.o(HEAP) for Heap_Mem
    startup_stm32f10x_md.o(.text) refers to startup_stm32f10x_md.o(STACK) for Stack_Mem
    system_stm32f10x.o(.text.SystemInit) refers to system_stm32f10x.o(.text.SetSysClock) for SetSysClock
    system_stm32f10x.o(.ARM.exidx.text.SystemInit) refers to system_stm32f10x.o(.text.SystemInit) for [Anonymous Symbol]
    system_stm32f10x.o(.ARM.exidx.text.SetSysClock) refers to system_stm32f10x.o(.text.SetSysClock) for [Anonymous Symbol]
    system_stm32f10x.o(.text.SystemCoreClockUpdate) refers to system_stm32f10x.o(.data.SystemCoreClock) for SystemCoreClock
    system_stm32f10x.o(.text.SystemCoreClockUpdate) refers to system_stm32f10x.o(.rodata.AHBPrescTable) for AHBPrescTable
    system_stm32f10x.o(.ARM.exidx.text.SystemCoreClockUpdate) refers to system_stm32f10x.o(.text.SystemCoreClockUpdate) for [Anonymous Symbol]
    __main.o(!!!main) refers to __rtentry.o(.ARM.Collect$$rtentry$$00000000) for __rt_entry
    __rtentry.o(.ARM.Collect$$rtentry$$00000000) refers (Special) to __rtentry2.o(.ARM.Collect$$rtentry$$0000000A) for __rt_entry_li
    __rtentry.o(.ARM.Collect$$rtentry$$00000000) refers (Special) to __rtentry2.o(.ARM.Collect$$rtentry$$0000000D) for __rt_entry_main
    __rtentry.o(.ARM.Collect$$rtentry$$00000000) refers (Special) to __rtentry2.o(.ARM.Collect$$rtentry$$0000000C) for __rt_entry_postli_1
    __rtentry.o(.ARM.Collect$$rtentry$$00000000) refers (Special) to __rtentry2.o(.ARM.Collect$$rtentry$$00000009) for __rt_entry_postsh_1
    __rtentry.o(.ARM.Collect$$rtentry$$00000000) refers (Special) to __rtentry2.o(.ARM.Collect$$rtentry$$00000002) for __rt_entry_presh_1
    __rtentry.o(.ARM.Collect$$rtentry$$00000000) refers (Special) to __rtentry4.o(.ARM.Collect$$rtentry$$00000004) for __rt_entry_sh
    __rtentry2.o(.ARM.Collect$$rtentry$$00000008) refers to boardinit2.o(.text) for _platform_post_stackheap_init
    __rtentry2.o(.ARM.Collect$$rtentry$$0000000A) refers to libinit.o(.ARM.Collect$$libinit$$00000000) for __rt_lib_init
    __rtentry2.o(.ARM.Collect$$rtentry$$0000000B) refers to boardinit3.o(.text) for _platform_post_lib_init
    __rtentry2.o(.ARM.Collect$$rtentry$$0000000D) refers to main.o(.text.main) for main
    __rtentry2.o(.ARM.Collect$$rtentry$$0000000D) refers to exit.o(.text) for exit
    __rtentry2.o(.ARM.exidx) refers to __rtentry2.o(.ARM.Collect$$rtentry$$00000001) for .ARM.Collect$$rtentry$$00000001
    __rtentry2.o(.ARM.exidx) refers to __rtentry2.o(.ARM.Collect$$rtentry$$00000008) for .ARM.Collect$$rtentry$$00000008
    __rtentry2.o(.ARM.exidx) refers to __rtentry2.o(.ARM.Collect$$rtentry$$0000000A) for .ARM.Collect$$rtentry$$0000000A
    __rtentry2.o(.ARM.exidx) refers to __rtentry2.o(.ARM.Collect$$rtentry$$0000000B) for .ARM.Collect$$rtentry$$0000000B
    __rtentry2.o(.ARM.exidx) refers to __rtentry2.o(.ARM.Collect$$rtentry$$0000000D) for .ARM.Collect$$rtentry$$0000000D
    __rtentry4.o(.ARM.Collect$$rtentry$$00000004) refers to sys_stackheap_outer.o(.text) for __user_setup_stackheap
    __rtentry4.o(.ARM.exidx) refers to __rtentry4.o(.ARM.Collect$$rtentry$$00000004) for .ARM.Collect$$rtentry$$00000004
    sys_stackheap_outer.o(.text) refers to libspace.o(.text) for __user_perproc_libspace
    sys_stackheap_outer.o(.text) refers to startup_stm32f10x_md.o(.text) for __user_initial_stackheap
    exit.o(.text) refers to rtexit.o(.ARM.Collect$$rtexit$$00000000) for __rt_exit
    libinit.o(.ARM.Collect$$libinit$$00000000) refers (Special) to libinit2.o(.ARM.Collect$$libinit$$00000030) for __rt_lib_init_alloca_1
    libinit.o(.ARM.Collect$$libinit$$00000000) refers (Special) to libinit2.o(.ARM.Collect$$libinit$$0000002E) for __rt_lib_init_argv_1
    libinit.o(.ARM.Collect$$libinit$$00000000) refers (Special) to libinit2.o(.ARM.Collect$$libinit$$0000001D) for __rt_lib_init_atexit_1
    libinit.o(.ARM.Collect$$libinit$$00000000) refers (Special) to libinit2.o(.ARM.Collect$$libinit$$00000023) for __rt_lib_init_clock_1
    libinit.o(.ARM.Collect$$libinit$$00000000) refers (Special) to libinit2.o(.ARM.Collect$$libinit$$00000034) for __rt_lib_init_cpp_1
    libinit.o(.ARM.Collect$$libinit$$00000000) refers (Special) to libinit2.o(.ARM.Collect$$libinit$$00000032) for __rt_lib_init_exceptions_1
    libinit.o(.ARM.Collect$$libinit$$00000000) refers (Special) to libinit2.o(.ARM.Collect$$libinit$$00000002) for __rt_lib_init_fp_1
    libinit.o(.ARM.Collect$$libinit$$00000000) refers (Special) to libinit2.o(.ARM.Collect$$libinit$$00000021) for __rt_lib_init_fp_trap_1
    libinit.o(.ARM.Collect$$libinit$$00000000) refers (Special) to libinit2.o(.ARM.Collect$$libinit$$00000025) for __rt_lib_init_getenv_1
    libinit.o(.ARM.Collect$$libinit$$00000000) refers (Special) to libinit2.o(.ARM.Collect$$libinit$$0000000C) for __rt_lib_init_heap_1
    libinit.o(.ARM.Collect$$libinit$$00000000) refers (Special) to libinit2.o(.ARM.Collect$$libinit$$00000013) for __rt_lib_init_lc_collate_1
    libinit.o(.ARM.Collect$$libinit$$00000000) refers (Special) to libinit2.o(.ARM.Collect$$libinit$$00000015) for __rt_lib_init_lc_ctype_1
    libinit.o(.ARM.Collect$$libinit$$00000000) refers (Special) to libinit2.o(.ARM.Collect$$libinit$$00000017) for __rt_lib_init_lc_monetary_1
    libinit.o(.ARM.Collect$$libinit$$00000000) refers (Special) to libinit2.o(.ARM.Collect$$libinit$$00000019) for __rt_lib_init_lc_numeric_1
    libinit.o(.ARM.Collect$$libinit$$00000000) refers (Special) to libinit2.o(.ARM.Collect$$libinit$$0000001B) for __rt_lib_init_lc_time_1
    libinit.o(.ARM.Collect$$libinit$$00000000) refers (Special) to libinit2.o(.ARM.Collect$$libinit$$00000006) for __rt_lib_init_preinit_1
    libinit.o(.ARM.Collect$$libinit$$00000000) refers (Special) to libinit2.o(.ARM.Collect$$libinit$$00000010) for __rt_lib_init_rand_1
    libinit.o(.ARM.Collect$$libinit$$00000000) refers (Special) to libinit2.o(.ARM.Collect$$libinit$$00000004) for __rt_lib_init_relocate_pie_1
    libinit.o(.ARM.Collect$$libinit$$00000000) refers (Special) to libinit2.o(.ARM.Collect$$libinit$$00000035) for __rt_lib_init_return
    libinit.o(.ARM.Collect$$libinit$$00000000) refers (Special) to libinit2.o(.ARM.Collect$$libinit$$0000001F) for __rt_lib_init_signal_1
    libinit.o(.ARM.Collect$$libinit$$00000000) refers (Special) to libinit2.o(.ARM.Collect$$libinit$$00000027) for __rt_lib_init_stdio_1
    libinit.o(.ARM.Collect$$libinit$$00000000) refers (Special) to libinit2.o(.ARM.Collect$$libinit$$0000000E) for __rt_lib_init_user_alloc_1
    libspace.o(.text) refers to libspace.o(.bss) for __libspace_start
    rtexit.o(.ARM.Collect$$rtexit$$00000000) refers (Special) to rtexit2.o(.ARM.Collect$$rtexit$$00000004) for __rt_exit_exit
    rtexit.o(.ARM.Collect$$rtexit$$00000000) refers (Special) to rtexit2.o(.ARM.Collect$$rtexit$$00000003) for __rt_exit_ls
    rtexit.o(.ARM.Collect$$rtexit$$00000000) refers (Special) to rtexit2.o(.ARM.Collect$$rtexit$$00000002) for __rt_exit_prels_1
    rtexit.o(.ARM.exidx) refers (Special) to rtexit2.o(.ARM.Collect$$rtexit$$00000004) for __rt_exit_exit
    rtexit.o(.ARM.exidx) refers (Special) to rtexit2.o(.ARM.Collect$$rtexit$$00000003) for __rt_exit_ls
    rtexit.o(.ARM.exidx) refers (Special) to rtexit2.o(.ARM.Collect$$rtexit$$00000002) for __rt_exit_prels_1
    rtexit.o(.ARM.exidx) refers to rtexit.o(.ARM.Collect$$rtexit$$00000000) for .ARM.Collect$$rtexit$$00000000
    libinit2.o(.ARM.Collect$$libinit$$00000012) refers to libinit2.o(.ARM.Collect$$libinit$$00000011) for .ARM.Collect$$libinit$$00000011
    libinit2.o(.ARM.Collect$$libinit$$00000014) refers to libinit2.o(.ARM.Collect$$libinit$$00000011) for .ARM.Collect$$libinit$$00000011
    libinit2.o(.ARM.Collect$$libinit$$00000016) refers to libinit2.o(.ARM.Collect$$libinit$$00000011) for .ARM.Collect$$libinit$$00000011
    libinit2.o(.ARM.Collect$$libinit$$00000018) refers to libinit2.o(.ARM.Collect$$libinit$$00000011) for .ARM.Collect$$libinit$$00000011
    libinit2.o(.ARM.Collect$$libinit$$0000001A) refers to libinit2.o(.ARM.Collect$$libinit$$00000011) for .ARM.Collect$$libinit$$00000011
    libinit2.o(.ARM.Collect$$libinit$$00000028) refers to argv_veneer.o(.emb_text) for __ARM_argv_veneer
    libinit2.o(.ARM.Collect$$libinit$$00000029) refers to argv_veneer.o(.emb_text) for __ARM_argv_veneer
    rtexit2.o(.ARM.Collect$$rtexit$$00000003) refers to libshutdown.o(.ARM.Collect$$libshutdown$$00000000) for __rt_lib_shutdown
    rtexit2.o(.ARM.Collect$$rtexit$$00000004) refers to sys_exit.o(.text) for _sys_exit
    rtexit2.o(.ARM.exidx) refers to rtexit2.o(.ARM.Collect$$rtexit$$00000001) for .ARM.Collect$$rtexit$$00000001
    rtexit2.o(.ARM.exidx) refers to rtexit2.o(.ARM.Collect$$rtexit$$00000003) for .ARM.Collect$$rtexit$$00000003
    rtexit2.o(.ARM.exidx) refers to rtexit2.o(.ARM.Collect$$rtexit$$00000004) for .ARM.Collect$$rtexit$$00000004
    argv_veneer.o(.emb_text) refers to no_argv.o(.text) for __ARM_get_argv
    sys_exit.o(.text) refers (Special) to use_no_semi.o(.text) for __I$use$semihosting
    sys_exit.o(.text) refers (Special) to indicate_semi.o(.text) for __semihosting_library_function
    sys_exit_hlt.o(.text) refers (Special) to use_no_semi.o(.text) for __I$use$semihosting
    sys_exit_hlt.o(.text) refers (Special) to indicate_semi.o(.text) for __semihosting_library_function
    _get_argv_nomalloc.o(.text) refers (Special) to hrguard.o(.text) for __heap_region$guard
    _get_argv_nomalloc.o(.text) refers to defsig_rtmem_outer.o(.text) for __rt_SIGRTMEM
    _get_argv_nomalloc.o(.text) refers to sys_command.o(.text) for _sys_command_string
    libshutdown.o(.ARM.Collect$$libshutdown$$00000000) refers (Special) to libshutdown2.o(.ARM.Collect$$libshutdown$$00000002) for __rt_lib_shutdown_cpp_1
    libshutdown.o(.ARM.Collect$$libshutdown$$00000000) refers (Special) to libshutdown2.o(.ARM.Collect$$libshutdown$$00000007) for __rt_lib_shutdown_fp_trap_1
    libshutdown.o(.ARM.Collect$$libshutdown$$00000000) refers (Special) to libshutdown2.o(.ARM.Collect$$libshutdown$$0000000F) for __rt_lib_shutdown_heap_1
    libshutdown.o(.ARM.Collect$$libshutdown$$00000000) refers (Special) to libshutdown2.o(.ARM.Collect$$libshutdown$$00000010) for __rt_lib_shutdown_return
    libshutdown.o(.ARM.Collect$$libshutdown$$00000000) refers (Special) to libshutdown2.o(.ARM.Collect$$libshutdown$$0000000A) for __rt_lib_shutdown_signal_1
    libshutdown.o(.ARM.Collect$$libshutdown$$00000000) refers (Special) to libshutdown2.o(.ARM.Collect$$libshutdown$$00000004) for __rt_lib_shutdown_stdio_1
    libshutdown.o(.ARM.Collect$$libshutdown$$00000000) refers (Special) to libshutdown2.o(.ARM.Collect$$libshutdown$$0000000C) for __rt_lib_shutdown_user_alloc_1
    sys_command.o(.text) refers (Special) to use_no_semi.o(.text) for __I$use$semihosting
    sys_command.o(.text) refers (Special) to indicate_semi.o(.text) for __semihosting_library_function
    sys_command_hlt.o(.text) refers (Special) to use_no_semi.o(.text) for __I$use$semihosting
    sys_command_hlt.o(.text) refers (Special) to indicate_semi.o(.text) for __semihosting_library_function
    defsig_rtmem_outer.o(.text) refers to defsig_rtmem_inner.o(.text) for __rt_SIGRTMEM_inner
    defsig_rtmem_outer.o(.text) refers to defsig_exit.o(.text) for __sig_exit
    defsig_rtmem_formal.o(.text) refers to rt_raise.o(.text) for __rt_raise
    rt_raise.o(.text) refers to __raise.o(.text) for __raise
    rt_raise.o(.text) refers to sys_exit.o(.text) for _sys_exit
    defsig_exit.o(.text) refers to sys_exit.o(.text) for _sys_exit
    defsig_rtmem_inner.o(.text) refers to defsig_general.o(.text) for __default_signal_display
    __raise.o(.text) refers to defsig.o(CL$$defsig) for __default_signal_handler
    defsig_general.o(.text) refers to sys_wrch.o(.text) for _ttywrch
    sys_wrch.o(.text) refers (Special) to use_no_semi.o(.text) for __I$use$semihosting
    sys_wrch.o(.text) refers (Special) to indicate_semi.o(.text) for __semihosting_library_function
    sys_wrch_hlt.o(.text) refers (Special) to use_no_semi.o(.text) for __I$use$semihosting
    sys_wrch_hlt.o(.text) refers (Special) to indicate_semi.o(.text) for __semihosting_library_function
    defsig.o(CL$$defsig) refers to defsig_rtmem_inner.o(.text) for __rt_SIGRTMEM_inner
    defsig_abrt_inner.o(.text) refers to defsig_general.o(.text) for __default_signal_display
    defsig_fpe_inner.o(.text) refers to defsig_general.o(.text) for __default_signal_display
    defsig_rtred_inner.o(.text) refers to defsig_general.o(.text) for __default_signal_display
    defsig_stak_inner.o(.text) refers to defsig_general.o(.text) for __default_signal_display
    defsig_pvfn_inner.o(.text) refers to defsig_general.o(.text) for __default_signal_display
    defsig_cppl_inner.o(.text) refers to defsig_general.o(.text) for __default_signal_display
    defsig_segv_inner.o(.text) refers to defsig_general.o(.text) for __default_signal_display
    defsig_other.o(.text) refers to defsig_general.o(.text) for __default_signal_display


==============================================================================

Removing Unused input sections from the image.

    Removing main.o(.text), (0 bytes).
    Removing main.o(.ARM.exidx.text.SleepMilisecond), (8 bytes).
    Removing main.o(.ARM.exidx.text.main), (8 bytes).
    Removing main.o(.ARM.exidx.text.I2C_EventCallback), (8 bytes).
    Removing main.o(.ARM.exidx.text.TimerMilisecondInitialize), (8 bytes).
    Removing main.o(.rodata.str1.1), (8 bytes).
    Removing main.o(.ARM.use_no_argv), (4 bytes).
    Removing i2c_stm32f10x.o(.text), (0 bytes).
    Removing i2c_stm32f10x.o(.ARM.exidx.text.I2C1_EV_IRQHandler), (8 bytes).
    Removing i2c_stm32f10x.o(.ARM.exidx.text.I2C_EV_IRQHandler), (8 bytes).
    Removing i2c_stm32f10x.o(.ARM.exidx.text.I2C1_ER_IRQHandler), (8 bytes).
    Removing i2c_stm32f10x.o(.ARM.exidx.text.I2C_ER_IRQHandler), (8 bytes).
    Removing i2c_stm32f10x.o(.ARM.exidx.text.I2CX_GetVersion), (8 bytes).
    Removing i2c_stm32f10x.o(.ARM.exidx.text.I2CX_GetCapabilities), (8 bytes).
    Removing i2c_stm32f10x.o(.ARM.exidx.text.I2C1_Initialize), (8 bytes).
    Removing i2c_stm32f10x.o(.ARM.exidx.text.I2C1_Uninitialize), (8 bytes).
    Removing i2c_stm32f10x.o(.ARM.exidx.text.I2C1_PowerControl), (8 bytes).
    Removing i2c_stm32f10x.o(.ARM.exidx.text.I2C1_MasterTransmit), (8 bytes).
    Removing i2c_stm32f10x.o(.ARM.exidx.text.I2C1_MasterReceive), (8 bytes).
    Removing i2c_stm32f10x.o(.ARM.exidx.text.I2C1_SlaveTransmit), (8 bytes).
    Removing i2c_stm32f10x.o(.ARM.exidx.text.I2C1_SlaveReceive), (8 bytes).
    Removing i2c_stm32f10x.o(.ARM.exidx.text.I2C1_GetDataCount), (8 bytes).
    Removing i2c_stm32f10x.o(.ARM.exidx.text.I2C1_Control), (8 bytes).
    Removing i2c_stm32f10x.o(.ARM.exidx.text.I2C1_GetStatus), (8 bytes).
    Removing i2c_stm32f10x.o(.ARM.exidx.text.I2C_Initialize), (8 bytes).
    Removing i2c_stm32f10x.o(.ARM.exidx.text.I2C_Uninitialize), (8 bytes).
    Removing i2c_stm32f10x.o(.ARM.exidx.text.I2C_PowerControl), (8 bytes).
    Removing i2c_stm32f10x.o(.ARM.exidx.text.__NVIC_DisableIRQ), (8 bytes).
    Removing i2c_stm32f10x.o(.ARM.exidx.text.__NVIC_ClearPendingIRQ), (8 bytes).
    Removing i2c_stm32f10x.o(.ARM.exidx.text.__NVIC_EnableIRQ), (8 bytes).
    Removing i2c_stm32f10x.o(.ARM.exidx.text.I2C_MasterTransmit), (8 bytes).
    Removing i2c_stm32f10x.o(.ARM.exidx.text.I2C_MasterReceive), (8 bytes).
    Removing i2c_stm32f10x.o(.ARM.exidx.text.I2C_SlaveTransmit), (8 bytes).
    Removing i2c_stm32f10x.o(.ARM.exidx.text.I2C_SlaveReceive), (8 bytes).
    Removing i2c_stm32f10x.o(.ARM.exidx.text.I2C_GetDataCount), (8 bytes).
    Removing i2c_stm32f10x.o(.ARM.exidx.text.I2C_Control), (8 bytes).
    Removing i2c_stm32f10x.o(.ARM.exidx.text.GPIO_PinWrite), (8 bytes).
    Removing i2c_stm32f10x.o(.ARM.exidx.text.GPIO_PinRead), (8 bytes).
    Removing i2c_stm32f10x.o(.ARM.exidx.text.I2C_GetStatus), (8 bytes).
    Removing i2c_stm32f10x.o(.rodata.DriverVersion), (4 bytes).
    Removing i2c_stm32f10x.o(.rodata.DriverCapabilities), (4 bytes).
    Removing dma_stm32f10x.o(.text), (0 bytes).
    Removing dma_stm32f10x.o(.text.DMA_ChannelInitialize), (352 bytes).
    Removing dma_stm32f10x.o(.ARM.exidx.text.DMA_ChannelInitialize), (8 bytes).
    Removing dma_stm32f10x.o(.text.__NVIC_ClearPendingIRQ), (48 bytes).
    Removing dma_stm32f10x.o(.ARM.exidx.text.__NVIC_ClearPendingIRQ), (8 bytes).
    Removing dma_stm32f10x.o(.text.__NVIC_EnableIRQ), (48 bytes).
    Removing dma_stm32f10x.o(.ARM.exidx.text.__NVIC_EnableIRQ), (8 bytes).
    Removing dma_stm32f10x.o(.text.DMA_ChannelUninitialize), (236 bytes).
    Removing dma_stm32f10x.o(.ARM.exidx.text.DMA_ChannelUninitialize), (8 bytes).
    Removing dma_stm32f10x.o(.text.__NVIC_DisableIRQ), (56 bytes).
    Removing dma_stm32f10x.o(.ARM.exidx.text.__NVIC_DisableIRQ), (8 bytes).
    Removing dma_stm32f10x.o(.ARM.exidx.text.DMA1_Channel1_Event), (8 bytes).
    Removing dma_stm32f10x.o(.ARM.exidx.text.DMA1_Channel2_Event), (8 bytes).
    Removing dma_stm32f10x.o(.ARM.exidx.text.DMA1_Channel3_Event), (8 bytes).
    Removing dma_stm32f10x.o(.ARM.exidx.text.DMA1_Channel4_Event), (8 bytes).
    Removing dma_stm32f10x.o(.ARM.exidx.text.DMA1_Channel5_Event), (8 bytes).
    Removing dma_stm32f10x.o(.ARM.exidx.text.DMA1_Channel6_Event), (8 bytes).
    Removing dma_stm32f10x.o(.ARM.exidx.text.DMA1_Channel7_Event), (8 bytes).
    Removing dma_stm32f10x.o(.ARM.exidx.text.DMA1_Channel1_IRQHandler), (8 bytes).
    Removing dma_stm32f10x.o(.ARM.exidx.text.DMA1_Channel2_IRQHandler), (8 bytes).
    Removing dma_stm32f10x.o(.ARM.exidx.text.DMA1_Channel3_IRQHandler), (8 bytes).
    Removing dma_stm32f10x.o(.ARM.exidx.text.DMA1_Channel4_IRQHandler), (8 bytes).
    Removing dma_stm32f10x.o(.ARM.exidx.text.DMA1_Channel5_IRQHandler), (8 bytes).
    Removing dma_stm32f10x.o(.ARM.exidx.text.DMA1_Channel6_IRQHandler), (8 bytes).
    Removing dma_stm32f10x.o(.ARM.exidx.text.DMA1_Channel7_IRQHandler), (8 bytes).
    Removing dma_stm32f10x.o(.bss.DMA1_Channel), (1 bytes).
    Removing gpio_stm32f10x.o(.text), (0 bytes).
    Removing gpio_stm32f10x.o(.ARM.exidx.text.GPIO_PortClock), (8 bytes).
    Removing gpio_stm32f10x.o(.ARM.exidx.text.GPIO_GetPortClockState), (8 bytes).
    Removing gpio_stm32f10x.o(.ARM.exidx.text.GPIO_PinConfigure), (8 bytes).
    Removing gpio_stm32f10x.o(.ARM.exidx.text.GPIO_AFConfigure), (8 bytes).
    Removing system_stm32f10x.o(.text), (0 bytes).
    Removing system_stm32f10x.o(.ARM.exidx.text.SystemInit), (8 bytes).
    Removing system_stm32f10x.o(.ARM.exidx.text.SetSysClock), (8 bytes).
    Removing system_stm32f10x.o(.ARM.exidx.text.SystemCoreClockUpdate), (8 bytes).

76 unused section(s) (total 1249 bytes) removed from the image.

==============================================================================

Image Symbol Table

    Local Symbols

    Symbol Name                              Value     Ov Type        Size  Object(Section)

    ../clib/angel/boardlib.s                 0x00000000   Number         0  boardinit1.o ABSOLUTE
    ../clib/angel/boardlib.s                 0x00000000   Number         0  boardinit2.o ABSOLUTE
    ../clib/angel/boardlib.s                 0x00000000   Number         0  boardinit3.o ABSOLUTE
    ../clib/angel/boardlib.s                 0x00000000   Number         0  boardshut.o ABSOLUTE
    ../clib/angel/handlers.s                 0x00000000   Number         0  __scatter_copy.o ABSOLUTE
    ../clib/angel/handlers.s                 0x00000000   Number         0  __scatter_zi.o ABSOLUTE
    ../clib/angel/kernel.s                   0x00000000   Number         0  __rtentry.o ABSOLUTE
    ../clib/angel/kernel.s                   0x00000000   Number         0  __rtentry2.o ABSOLUTE
    ../clib/angel/kernel.s                   0x00000000   Number         0  __rtentry4.o ABSOLUTE
    ../clib/angel/kernel.s                   0x00000000   Number         0  rtexit.o ABSOLUTE
    ../clib/angel/kernel.s                   0x00000000   Number         0  rtexit2.o ABSOLUTE
    ../clib/angel/rt.s                       0x00000000   Number         0  rt_raise.o ABSOLUTE
    ../clib/angel/scatter.s                  0x00000000   Number         0  __scatter.o ABSOLUTE
    ../clib/angel/startup.s                  0x00000000   Number         0  __main.o ABSOLUTE
    ../clib/angel/sys.s                      0x00000000   Number         0  sys_stackheap_outer.o ABSOLUTE
    ../clib/angel/sys.s                      0x00000000   Number         0  libspace.o ABSOLUTE
    ../clib/angel/sys.s                      0x00000000   Number         0  use_no_semi.o ABSOLUTE
    ../clib/angel/sys.s                      0x00000000   Number         0  indicate_semi.o ABSOLUTE
    ../clib/angel/sysapp.c                   0x00000000   Number         0  sys_exit.o ABSOLUTE
    ../clib/angel/sysapp.c                   0x00000000   Number         0  sys_exit_hlt.o ABSOLUTE
    ../clib/angel/sysapp.c                   0x00000000   Number         0  sys_command.o ABSOLUTE
    ../clib/angel/sysapp.c                   0x00000000   Number         0  sys_command_hlt.o ABSOLUTE
    ../clib/angel/sysapp.c                   0x00000000   Number         0  sys_wrch.o ABSOLUTE
    ../clib/angel/sysapp.c                   0x00000000   Number         0  sys_wrch_hlt.o ABSOLUTE
    ../clib/armsys.c                         0x00000000   Number         0  argv_veneer.o ABSOLUTE
    ../clib/armsys.c                         0x00000000   Number         0  argv_veneer.o ABSOLUTE
    ../clib/armsys.c                         0x00000000   Number         0  _get_argv_nomalloc.o ABSOLUTE
    ../clib/armsys.c                         0x00000000   Number         0  no_argv.o ABSOLUTE
    ../clib/heapalloc.c                      0x00000000   Number         0  hrguard.o ABSOLUTE
    ../clib/heapaux.c                        0x00000000   Number         0  heapauxi.o ABSOLUTE
    ../clib/libinit.s                        0x00000000   Number         0  libinit.o ABSOLUTE
    ../clib/libinit.s                        0x00000000   Number         0  libinit2.o ABSOLUTE
    ../clib/libinit.s                        0x00000000   Number         0  libshutdown.o ABSOLUTE
    ../clib/libinit.s                        0x00000000   Number         0  libshutdown2.o ABSOLUTE
    ../clib/signal.c                         0x00000000   Number         0  defsig_rtmem_outer.o ABSOLUTE
    ../clib/signal.c                         0x00000000   Number         0  defsig_rtmem_formal.o ABSOLUTE
    ../clib/signal.c                         0x00000000   Number         0  defsig_exit.o ABSOLUTE
    ../clib/signal.c                         0x00000000   Number         0  defsig_rtmem_inner.o ABSOLUTE
    ../clib/signal.c                         0x00000000   Number         0  __raise.o ABSOLUTE
    ../clib/signal.c                         0x00000000   Number         0  defsig_general.o ABSOLUTE
    ../clib/signal.c                         0x00000000   Number         0  defsig_abrt_inner.o ABSOLUTE
    ../clib/signal.c                         0x00000000   Number         0  defsig_fpe_inner.o ABSOLUTE
    ../clib/signal.c                         0x00000000   Number         0  defsig_rtred_inner.o ABSOLUTE
    ../clib/signal.c                         0x00000000   Number         0  defsig_stak_inner.o ABSOLUTE
    ../clib/signal.c                         0x00000000   Number         0  defsig_pvfn_inner.o ABSOLUTE
    ../clib/signal.c                         0x00000000   Number         0  defsig_cppl_inner.o ABSOLUTE
    ../clib/signal.c                         0x00000000   Number         0  defsig_segv_inner.o ABSOLUTE
    ../clib/signal.c                         0x00000000   Number         0  defsig_other.o ABSOLUTE
    ../clib/signal.s                         0x00000000   Number         0  defsig.o ABSOLUTE
    ../clib/stdlib.c                         0x00000000   Number         0  exit.o ABSOLUTE
    ../fplib/fpinit.s                        0x00000000   Number         0  fpinit.o ABSOLUTE
    ../fplib/fpinit_empty.s                  0x00000000   Number         0  fpinit_empty.o ABSOLUTE
    DMA_STM32F10x.c                          0x00000000   Number         0  dma_stm32f10x.o ABSOLUTE
    GPIO_STM32F10x.c                         0x00000000   Number         0  gpio_stm32f10x.o ABSOLUTE
    I2C_STM32F10x.c                          0x00000000   Number         0  i2c_stm32f10x.o ABSOLUTE
    RTE/Device/STM32F103C8/startup_stm32f10x_md.s 0x00000000   Number         0  startup_stm32f10x_md.o ABSOLUTE
    dc.s                                     0x00000000   Number         0  dc.o ABSOLUTE
    main.c                                   0x00000000   Number         0  main.o ABSOLUTE
    system_stm32f10x.c                       0x00000000   Number         0  system_stm32f10x.o ABSOLUTE
    RESET                                    0x08000000   Section      236  startup_stm32f10x_md.o(RESET)
    !!!main                                  0x080000ec   Section        8  __main.o(!!!main)
    !!!scatter                               0x080000f4   Section       92  __scatter.o(!!!scatter)
    !!handler_copy                           0x08000150   Section       26  __scatter_copy.o(!!handler_copy)
    !!handler_null                           0x0800016c   Section        2  __scatter.o(!!handler_null)
    !!handler_zi                             0x08000170   Section       28  __scatter_zi.o(!!handler_zi)
    .ARM.Collect$$libinit$$00000000          0x0800018c   Section        2  libinit.o(.ARM.Collect$$libinit$$00000000)
    .ARM.Collect$$libinit$$00000002          0x0800018e   Section        0  libinit2.o(.ARM.Collect$$libinit$$00000002)
    .ARM.Collect$$libinit$$00000004          0x0800018e   Section        0  libinit2.o(.ARM.Collect$$libinit$$00000004)
    .ARM.Collect$$libinit$$00000006          0x0800018e   Section        0  libinit2.o(.ARM.Collect$$libinit$$00000006)
    .ARM.Collect$$libinit$$0000000C          0x0800018e   Section        0  libinit2.o(.ARM.Collect$$libinit$$0000000C)
    .ARM.Collect$$libinit$$0000000E          0x0800018e   Section        0  libinit2.o(.ARM.Collect$$libinit$$0000000E)
    .ARM.Collect$$libinit$$00000010          0x0800018e   Section        0  libinit2.o(.ARM.Collect$$libinit$$00000010)
    .ARM.Collect$$libinit$$00000013          0x0800018e   Section        0  libinit2.o(.ARM.Collect$$libinit$$00000013)
    .ARM.Collect$$libinit$$00000015          0x0800018e   Section        0  libinit2.o(.ARM.Collect$$libinit$$00000015)
    .ARM.Collect$$libinit$$00000017          0x0800018e   Section        0  libinit2.o(.ARM.Collect$$libinit$$00000017)
    .ARM.Collect$$libinit$$00000019          0x0800018e   Section        0  libinit2.o(.ARM.Collect$$libinit$$00000019)
    .ARM.Collect$$libinit$$0000001B          0x0800018e   Section        0  libinit2.o(.ARM.Collect$$libinit$$0000001B)
    .ARM.Collect$$libinit$$0000001D          0x0800018e   Section        0  libinit2.o(.ARM.Collect$$libinit$$0000001D)
    .ARM.Collect$$libinit$$0000001F          0x0800018e   Section        0  libinit2.o(.ARM.Collect$$libinit$$0000001F)
    .ARM.Collect$$libinit$$00000021          0x0800018e   Section        0  libinit2.o(.ARM.Collect$$libinit$$00000021)
    .ARM.Collect$$libinit$$00000023          0x0800018e   Section        0  libinit2.o(.ARM.Collect$$libinit$$00000023)
    .ARM.Collect$$libinit$$00000025          0x0800018e   Section        0  libinit2.o(.ARM.Collect$$libinit$$00000025)
    .ARM.Collect$$libinit$$00000027          0x0800018e   Section        0  libinit2.o(.ARM.Collect$$libinit$$00000027)
    .ARM.Collect$$libinit$$0000002E          0x0800018e   Section        0  libinit2.o(.ARM.Collect$$libinit$$0000002E)
    .ARM.Collect$$libinit$$00000030          0x0800018e   Section        0  libinit2.o(.ARM.Collect$$libinit$$00000030)
    .ARM.Collect$$libinit$$00000032          0x0800018e   Section        0  libinit2.o(.ARM.Collect$$libinit$$00000032)
    .ARM.Collect$$libinit$$00000034          0x0800018e   Section        0  libinit2.o(.ARM.Collect$$libinit$$00000034)
    .ARM.Collect$$libinit$$00000035          0x0800018e   Section        2  libinit2.o(.ARM.Collect$$libinit$$00000035)
    .ARM.Collect$$libshutdown$$00000000      0x08000190   Section        2  libshutdown.o(.ARM.Collect$$libshutdown$$00000000)
    .ARM.Collect$$libshutdown$$00000002      0x08000192   Section        0  libshutdown2.o(.ARM.Collect$$libshutdown$$00000002)
    .ARM.Collect$$libshutdown$$00000004      0x08000192   Section        0  libshutdown2.o(.ARM.Collect$$libshutdown$$00000004)
    .ARM.Collect$$libshutdown$$00000007      0x08000192   Section        0  libshutdown2.o(.ARM.Collect$$libshutdown$$00000007)
    .ARM.Collect$$libshutdown$$0000000A      0x08000192   Section        0  libshutdown2.o(.ARM.Collect$$libshutdown$$0000000A)
    .ARM.Collect$$libshutdown$$0000000C      0x08000192   Section        0  libshutdown2.o(.ARM.Collect$$libshutdown$$0000000C)
    .ARM.Collect$$libshutdown$$0000000F      0x08000192   Section        0  libshutdown2.o(.ARM.Collect$$libshutdown$$0000000F)
    .ARM.Collect$$libshutdown$$00000010      0x08000192   Section        2  libshutdown2.o(.ARM.Collect$$libshutdown$$00000010)
    .ARM.Collect$$rtentry$$00000000          0x08000194   Section        0  __rtentry.o(.ARM.Collect$$rtentry$$00000000)
    .ARM.Collect$$rtentry$$00000002          0x08000194   Section        0  __rtentry2.o(.ARM.Collect$$rtentry$$00000002)
    .ARM.Collect$$rtentry$$00000004          0x08000194   Section        6  __rtentry4.o(.ARM.Collect$$rtentry$$00000004)
    .ARM.Collect$$rtentry$$00000009          0x0800019a   Section        0  __rtentry2.o(.ARM.Collect$$rtentry$$00000009)
    .ARM.Collect$$rtentry$$0000000A          0x0800019a   Section        4  __rtentry2.o(.ARM.Collect$$rtentry$$0000000A)
    .ARM.Collect$$rtentry$$0000000C          0x0800019e   Section        0  __rtentry2.o(.ARM.Collect$$rtentry$$0000000C)
    .ARM.Collect$$rtentry$$0000000D          0x0800019e   Section        8  __rtentry2.o(.ARM.Collect$$rtentry$$0000000D)
    .ARM.Collect$$rtexit$$00000000           0x080001a6   Section        2  rtexit.o(.ARM.Collect$$rtexit$$00000000)
    .ARM.Collect$$rtexit$$00000002           0x080001a8   Section        0  rtexit2.o(.ARM.Collect$$rtexit$$00000002)
    .ARM.Collect$$rtexit$$00000003           0x080001a8   Section        4  rtexit2.o(.ARM.Collect$$rtexit$$00000003)
    .ARM.Collect$$rtexit$$00000004           0x080001ac   Section        6  rtexit2.o(.ARM.Collect$$rtexit$$00000004)
    .text                                    0x080001b4   Section       64  startup_stm32f10x_md.o(.text)
    .text                                    0x080001f4   Section        0  heapauxi.o(.text)
    .text                                    0x080001fa   Section       74  sys_stackheap_outer.o(.text)
    .text                                    0x08000244   Section        0  exit.o(.text)
    .text                                    0x08000258   Section        8  libspace.o(.text)
    .text                                    0x08000260   Section        0  sys_exit.o(.text)
    .text                                    0x0800026c   Section        2  use_no_semi.o(.text)
    .text                                    0x0800026e   Section        0  indicate_semi.o(.text)
    [Anonymous Symbol]                       0x08000270   Section        0  dma_stm32f10x.o(.text.DMA1_Channel1_Event)
    [Anonymous Symbol]                       0x08000278   Section        0  dma_stm32f10x.o(.text.DMA1_Channel1_IRQHandler)
    [Anonymous Symbol]                       0x080002a0   Section        0  dma_stm32f10x.o(.text.DMA1_Channel2_Event)
    [Anonymous Symbol]                       0x080002a8   Section        0  dma_stm32f10x.o(.text.DMA1_Channel2_IRQHandler)
    [Anonymous Symbol]                       0x080002d0   Section        0  dma_stm32f10x.o(.text.DMA1_Channel3_Event)
    [Anonymous Symbol]                       0x080002d8   Section        0  dma_stm32f10x.o(.text.DMA1_Channel3_IRQHandler)
    [Anonymous Symbol]                       0x08000300   Section        0  dma_stm32f10x.o(.text.DMA1_Channel4_Event)
    [Anonymous Symbol]                       0x08000308   Section        0  dma_stm32f10x.o(.text.DMA1_Channel4_IRQHandler)
    [Anonymous Symbol]                       0x08000330   Section        0  dma_stm32f10x.o(.text.DMA1_Channel5_Event)
    [Anonymous Symbol]                       0x08000338   Section        0  dma_stm32f10x.o(.text.DMA1_Channel5_IRQHandler)
    [Anonymous Symbol]                       0x08000360   Section        0  dma_stm32f10x.o(.text.DMA1_Channel6_Event)
    [Anonymous Symbol]                       0x08000368   Section        0  dma_stm32f10x.o(.text.DMA1_Channel6_IRQHandler)
    [Anonymous Symbol]                       0x08000390   Section        0  dma_stm32f10x.o(.text.DMA1_Channel7_Event)
    [Anonymous Symbol]                       0x08000398   Section        0  dma_stm32f10x.o(.text.DMA1_Channel7_IRQHandler)
    [Anonymous Symbol]                       0x080003c0   Section        0  gpio_stm32f10x.o(.text.GPIO_AFConfigure)
    [Anonymous Symbol]                       0x080004a4   Section        0  gpio_stm32f10x.o(.text.GPIO_GetPortClockState)
    [Anonymous Symbol]                       0x080005c0   Section        0  gpio_stm32f10x.o(.text.GPIO_PinConfigure)
    GPIO_PinRead                             0x080006a1   Thumb Code    22  i2c_stm32f10x.o(.text.GPIO_PinRead)
    [Anonymous Symbol]                       0x080006a0   Section        0  i2c_stm32f10x.o(.text.GPIO_PinRead)
    GPIO_PinWrite                            0x080006b9   Thumb Code    50  i2c_stm32f10x.o(.text.GPIO_PinWrite)
    [Anonymous Symbol]                       0x080006b8   Section        0  i2c_stm32f10x.o(.text.GPIO_PinWrite)
    [Anonymous Symbol]                       0x080006ec   Section        0  gpio_stm32f10x.o(.text.GPIO_PortClock)
    I2C1_Control                             0x080008fd   Thumb Code    28  i2c_stm32f10x.o(.text.I2C1_Control)
    [Anonymous Symbol]                       0x080008fc   Section        0  i2c_stm32f10x.o(.text.I2C1_Control)
    [Anonymous Symbol]                       0x08000918   Section        0  i2c_stm32f10x.o(.text.I2C1_ER_IRQHandler)
    [Anonymous Symbol]                       0x08000928   Section        0  i2c_stm32f10x.o(.text.I2C1_EV_IRQHandler)
    I2C1_GetDataCount                        0x08000939   Thumb Code    16  i2c_stm32f10x.o(.text.I2C1_GetDataCount)
    [Anonymous Symbol]                       0x08000938   Section        0  i2c_stm32f10x.o(.text.I2C1_GetDataCount)
    I2C1_GetStatus                           0x08000949   Thumb Code    24  i2c_stm32f10x.o(.text.I2C1_GetStatus)
    [Anonymous Symbol]                       0x08000948   Section        0  i2c_stm32f10x.o(.text.I2C1_GetStatus)
    I2C1_Initialize                          0x08000961   Thumb Code    24  i2c_stm32f10x.o(.text.I2C1_Initialize)
    [Anonymous Symbol]                       0x08000960   Section        0  i2c_stm32f10x.o(.text.I2C1_Initialize)
    I2C1_MasterReceive                       0x08000979   Thumb Code    50  i2c_stm32f10x.o(.text.I2C1_MasterReceive)
    [Anonymous Symbol]                       0x08000978   Section        0  i2c_stm32f10x.o(.text.I2C1_MasterReceive)
    I2C1_MasterTransmit                      0x080009ad   Thumb Code    50  i2c_stm32f10x.o(.text.I2C1_MasterTransmit)
    [Anonymous Symbol]                       0x080009ac   Section        0  i2c_stm32f10x.o(.text.I2C1_MasterTransmit)
    I2C1_PowerControl                        0x080009e1   Thumb Code    28  i2c_stm32f10x.o(.text.I2C1_PowerControl)
    [Anonymous Symbol]                       0x080009e0   Section        0  i2c_stm32f10x.o(.text.I2C1_PowerControl)
    I2C1_SlaveReceive                        0x080009fd   Thumb Code    28  i2c_stm32f10x.o(.text.I2C1_SlaveReceive)
    [Anonymous Symbol]                       0x080009fc   Section        0  i2c_stm32f10x.o(.text.I2C1_SlaveReceive)
    I2C1_SlaveTransmit                       0x08000a19   Thumb Code    28  i2c_stm32f10x.o(.text.I2C1_SlaveTransmit)
    [Anonymous Symbol]                       0x08000a18   Section        0  i2c_stm32f10x.o(.text.I2C1_SlaveTransmit)
    I2C1_Uninitialize                        0x08000a35   Thumb Code    16  i2c_stm32f10x.o(.text.I2C1_Uninitialize)
    [Anonymous Symbol]                       0x08000a34   Section        0  i2c_stm32f10x.o(.text.I2C1_Uninitialize)
    I2CX_GetCapabilities                     0x08000a45   Thumb Code    12  i2c_stm32f10x.o(.text.I2CX_GetCapabilities)
    [Anonymous Symbol]                       0x08000a44   Section        0  i2c_stm32f10x.o(.text.I2CX_GetCapabilities)
    I2CX_GetVersion                          0x08000a51   Thumb Code    18  i2c_stm32f10x.o(.text.I2CX_GetVersion)
    [Anonymous Symbol]                       0x08000a50   Section        0  i2c_stm32f10x.o(.text.I2CX_GetVersion)
    I2C_Control                              0x08000a65   Thumb Code  1132  i2c_stm32f10x.o(.text.I2C_Control)
    [Anonymous Symbol]                       0x08000a64   Section        0  i2c_stm32f10x.o(.text.I2C_Control)
    I2C_ER_IRQHandler                        0x08000ed1   Thumb Code   430  i2c_stm32f10x.o(.text.I2C_ER_IRQHandler)
    [Anonymous Symbol]                       0x08000ed0   Section        0  i2c_stm32f10x.o(.text.I2C_ER_IRQHandler)
    I2C_EV_IRQHandler                        0x08001081   Thumb Code  1942  i2c_stm32f10x.o(.text.I2C_EV_IRQHandler)
    [Anonymous Symbol]                       0x08001080   Section        0  i2c_stm32f10x.o(.text.I2C_EV_IRQHandler)
    I2C_EventCallback                        0x08001819   Thumb Code    24  main.o(.text.I2C_EventCallback)
    [Anonymous Symbol]                       0x08001818   Section        0  main.o(.text.I2C_EventCallback)
    I2C_GetDataCount                         0x08001831   Thumb Code    56  i2c_stm32f10x.o(.text.I2C_GetDataCount)
    [Anonymous Symbol]                       0x08001830   Section        0  i2c_stm32f10x.o(.text.I2C_GetDataCount)
    I2C_GetStatus                            0x08001869   Thumb Code    18  i2c_stm32f10x.o(.text.I2C_GetStatus)
    [Anonymous Symbol]                       0x08001868   Section        0  i2c_stm32f10x.o(.text.I2C_GetStatus)
    I2C_Initialize                           0x0800187d   Thumb Code   134  i2c_stm32f10x.o(.text.I2C_Initialize)
    [Anonymous Symbol]                       0x0800187c   Section        0  i2c_stm32f10x.o(.text.I2C_Initialize)
    I2C_MasterReceive                        0x08001905   Thumb Code   294  i2c_stm32f10x.o(.text.I2C_MasterReceive)
    [Anonymous Symbol]                       0x08001904   Section        0  i2c_stm32f10x.o(.text.I2C_MasterReceive)
    I2C_MasterTransmit                       0x08001a2d   Thumb Code   282  i2c_stm32f10x.o(.text.I2C_MasterTransmit)
    [Anonymous Symbol]                       0x08001a2c   Section        0  i2c_stm32f10x.o(.text.I2C_MasterTransmit)
    I2C_PowerControl                         0x08001b49   Thumb Code   412  i2c_stm32f10x.o(.text.I2C_PowerControl)
    [Anonymous Symbol]                       0x08001b48   Section        0  i2c_stm32f10x.o(.text.I2C_PowerControl)
    I2C_SlaveReceive                         0x08001ce5   Thumb Code   148  i2c_stm32f10x.o(.text.I2C_SlaveReceive)
    [Anonymous Symbol]                       0x08001ce4   Section        0  i2c_stm32f10x.o(.text.I2C_SlaveReceive)
    I2C_SlaveTransmit                        0x08001d79   Thumb Code   136  i2c_stm32f10x.o(.text.I2C_SlaveTransmit)
    [Anonymous Symbol]                       0x08001d78   Section        0  i2c_stm32f10x.o(.text.I2C_SlaveTransmit)
    I2C_Uninitialize                         0x08001e01   Thumb Code    56  i2c_stm32f10x.o(.text.I2C_Uninitialize)
    [Anonymous Symbol]                       0x08001e00   Section        0  i2c_stm32f10x.o(.text.I2C_Uninitialize)
    SetSysClock                              0x08001e39   Thumb Code     2  system_stm32f10x.o(.text.SetSysClock)
    [Anonymous Symbol]                       0x08001e38   Section        0  system_stm32f10x.o(.text.SetSysClock)
    [Anonymous Symbol]                       0x08001e3c   Section        0  main.o(.text.SleepMilisecond)
    [Anonymous Symbol]                       0x08001e94   Section        0  system_stm32f10x.o(.text.SystemCoreClockUpdate)
    [Anonymous Symbol]                       0x08001fb8   Section        0  system_stm32f10x.o(.text.SystemInit)
    TimerMilisecondInitialize                0x08002021   Thumb Code    52  main.o(.text.TimerMilisecondInitialize)
    [Anonymous Symbol]                       0x08002020   Section        0  main.o(.text.TimerMilisecondInitialize)
    __NVIC_ClearPendingIRQ                   0x08002055   Thumb Code    48  i2c_stm32f10x.o(.text.__NVIC_ClearPendingIRQ)
    [Anonymous Symbol]                       0x08002054   Section        0  i2c_stm32f10x.o(.text.__NVIC_ClearPendingIRQ)
    __NVIC_DisableIRQ                        0x08002085   Thumb Code    56  i2c_stm32f10x.o(.text.__NVIC_DisableIRQ)
    [Anonymous Symbol]                       0x08002084   Section        0  i2c_stm32f10x.o(.text.__NVIC_DisableIRQ)
    __NVIC_EnableIRQ                         0x080020bd   Thumb Code    48  i2c_stm32f10x.o(.text.__NVIC_EnableIRQ)
    [Anonymous Symbol]                       0x080020bc   Section        0  i2c_stm32f10x.o(.text.__NVIC_EnableIRQ)
    [Anonymous Symbol]                       0x080020ec   Section        0  main.o(.text.main)
    I2C1_Resources                           0x080021c8   Data          40  i2c_stm32f10x.o(.rodata.I2C1_Resources)
    [Anonymous Symbol]                       0x080021c8   Section        0  i2c_stm32f10x.o(.rodata.I2C1_Resources)
    .bss                                     0x20000008   Section       96  libspace.o(.bss)
    I2C1_Info                                0x20000068   Data          28  i2c_stm32f10x.o(.bss.I2C1_Info)
    [Anonymous Symbol]                       0x20000068   Section        0  i2c_stm32f10x.o(.bss.I2C1_Info)
    I2C_Event                                0x20000084   Data           4  main.o(.bss.I2C_Event)
    [Anonymous Symbol]                       0x20000084   Section        0  main.o(.bss.I2C_Event)
    Heap_Mem                                 0x20000088   Data         512  startup_stm32f10x_md.o(HEAP)
    HEAP                                     0x20000088   Section      512  startup_stm32f10x_md.o(HEAP)
    Stack_Mem                                0x20000288   Data        1024  startup_stm32f10x_md.o(STACK)
    STACK                                    0x20000288   Section     1024  startup_stm32f10x_md.o(STACK)
    __initial_sp                             0x20000688   Data           0  startup_stm32f10x_md.o(STACK)

    Global Symbols

    Symbol Name                              Value     Ov Type        Size  Object(Section)

    BuildAttributes$$THM_ISAv4$P$D$K$B$S$PE$A:L22UL41UL21$X:L11$S22US41US21$IEEE1$IW$~IW$USESV6$~STKCKD$USESV7$~SHL$OSPACE$ROPI$EBA8$UX$STANDARDLIB$REQ8$PRES8$EABIv2 0x00000000   Number         0  anon$$obj.o ABSOLUTE
    __fp_init_empty                          0x00000000   Number         0  fpinit_empty.o ABSOLUTE
    __ARM_exceptions_init                     - Undefined Weak Reference
    __alloca_initialize                       - Undefined Weak Reference
    __arm_preinit_                            - Undefined Weak Reference
    __arm_relocate_pie_                       - Undefined Weak Reference
    __cpp_initialize__aeabi_                  - Undefined Weak Reference
    __cxa_finalize                            - Undefined Weak Reference
    __rt_locale                               - Undefined Weak Reference
    __sigvec_lookup                           - Undefined Weak Reference
    _atexit_init                              - Undefined Weak Reference
    _call_atexit_fns                          - Undefined Weak Reference
    _clock_init                               - Undefined Weak Reference
    _fp_trap_init                             - Undefined Weak Reference
    _fp_trap_shutdown                         - Undefined Weak Reference
    _get_lc_collate                           - Undefined Weak Reference
    _get_lc_ctype                             - Undefined Weak Reference
    _get_lc_monetary                          - Undefined Weak Reference
    _get_lc_numeric                           - Undefined Weak Reference
    _get_lc_time                              - Undefined Weak Reference
    _getenv_init                              - Undefined Weak Reference
    _handle_redirection                       - Undefined Weak Reference
    _init_alloc                               - Undefined Weak Reference
    _init_user_alloc                          - Undefined Weak Reference
    _initio                                   - Undefined Weak Reference
    _rand_init                                - Undefined Weak Reference
    _signal_finish                            - Undefined Weak Reference
    _signal_init                              - Undefined Weak Reference
    _terminate_alloc                          - Undefined Weak Reference
    _terminate_user_alloc                     - Undefined Weak Reference
    _terminateio                              - Undefined Weak Reference
    __Vectors_Size                           0x000000ec   Number         0  startup_stm32f10x_md.o ABSOLUTE
    __Vectors                                0x08000000   Data           4  startup_stm32f10x_md.o(RESET)
    __Vectors_End                            0x080000ec   Data           0  startup_stm32f10x_md.o(RESET)
    __main                                   0x080000ed   Thumb Code     8  __main.o(!!!main)
    __scatterload                            0x080000f5   Thumb Code     0  __scatter.o(!!!scatter)
    __scatterload_rt2                        0x080000f5   Thumb Code    84  __scatter.o(!!!scatter)
    __scatterload_rt2_thumb_only             0x080000f5   Thumb Code     0  __scatter.o(!!!scatter)
    __scatterload_loop                       0x080000ff   Thumb Code     0  __scatter.o(!!!scatter)
    __scatterload_copy                       0x08000151   Thumb Code    26  __scatter_copy.o(!!handler_copy)
    __scatterload_null                       0x0800016d   Thumb Code     2  __scatter.o(!!handler_null)
    __scatterload_zeroinit                   0x08000171   Thumb Code    28  __scatter_zi.o(!!handler_zi)
    __rt_lib_init                            0x0800018d   Thumb Code     0  libinit.o(.ARM.Collect$$libinit$$00000000)
    __rt_lib_init_alloca_1                   0x0800018f   Thumb Code     0  libinit2.o(.ARM.Collect$$libinit$$00000030)
    __rt_lib_init_argv_1                     0x0800018f   Thumb Code     0  libinit2.o(.ARM.Collect$$libinit$$0000002E)
    __rt_lib_init_atexit_1                   0x0800018f   Thumb Code     0  libinit2.o(.ARM.Collect$$libinit$$0000001D)
    __rt_lib_init_clock_1                    0x0800018f   Thumb Code     0  libinit2.o(.ARM.Collect$$libinit$$00000023)
    __rt_lib_init_cpp_1                      0x0800018f   Thumb Code     0  libinit2.o(.ARM.Collect$$libinit$$00000034)
    __rt_lib_init_exceptions_1               0x0800018f   Thumb Code     0  libinit2.o(.ARM.Collect$$libinit$$00000032)
    __rt_lib_init_fp_1                       0x0800018f   Thumb Code     0  libinit2.o(.ARM.Collect$$libinit$$00000002)
    __rt_lib_init_fp_trap_1                  0x0800018f   Thumb Code     0  libinit2.o(.ARM.Collect$$libinit$$00000021)
    __rt_lib_init_getenv_1                   0x0800018f   Thumb Code     0  libinit2.o(.ARM.Collect$$libinit$$00000025)
    __rt_lib_init_heap_1                     0x0800018f   Thumb Code     0  libinit2.o(.ARM.Collect$$libinit$$0000000C)
    __rt_lib_init_lc_collate_1               0x0800018f   Thumb Code     0  libinit2.o(.ARM.Collect$$libinit$$00000013)
    __rt_lib_init_lc_ctype_1                 0x0800018f   Thumb Code     0  libinit2.o(.ARM.Collect$$libinit$$00000015)
    __rt_lib_init_lc_monetary_1              0x0800018f   Thumb Code     0  libinit2.o(.ARM.Collect$$libinit$$00000017)
    __rt_lib_init_lc_numeric_1               0x0800018f   Thumb Code     0  libinit2.o(.ARM.Collect$$libinit$$00000019)
    __rt_lib_init_lc_time_1                  0x0800018f   Thumb Code     0  libinit2.o(.ARM.Collect$$libinit$$0000001B)
    __rt_lib_init_preinit_1                  0x0800018f   Thumb Code     0  libinit2.o(.ARM.Collect$$libinit$$00000006)
    __rt_lib_init_rand_1                     0x0800018f   Thumb Code     0  libinit2.o(.ARM.Collect$$libinit$$00000010)
    __rt_lib_init_relocate_pie_1             0x0800018f   Thumb Code     0  libinit2.o(.ARM.Collect$$libinit$$00000004)
    __rt_lib_init_return                     0x0800018f   Thumb Code     0  libinit2.o(.ARM.Collect$$libinit$$00000035)
    __rt_lib_init_signal_1                   0x0800018f   Thumb Code     0  libinit2.o(.ARM.Collect$$libinit$$0000001F)
    __rt_lib_init_stdio_1                    0x0800018f   Thumb Code     0  libinit2.o(.ARM.Collect$$libinit$$00000027)
    __rt_lib_init_user_alloc_1               0x0800018f   Thumb Code     0  libinit2.o(.ARM.Collect$$libinit$$0000000E)
    __rt_lib_shutdown                        0x08000191   Thumb Code     0  libshutdown.o(.ARM.Collect$$libshutdown$$00000000)
    __rt_lib_shutdown_cpp_1                  0x08000193   Thumb Code     0  libshutdown2.o(.ARM.Collect$$libshutdown$$00000002)
    __rt_lib_shutdown_fp_trap_1              0x08000193   Thumb Code     0  libshutdown2.o(.ARM.Collect$$libshutdown$$00000007)
    __rt_lib_shutdown_heap_1                 0x08000193   Thumb Code     0  libshutdown2.o(.ARM.Collect$$libshutdown$$0000000F)
    __rt_lib_shutdown_return                 0x08000193   Thumb Code     0  libshutdown2.o(.ARM.Collect$$libshutdown$$00000010)
    __rt_lib_shutdown_signal_1               0x08000193   Thumb Code     0  libshutdown2.o(.ARM.Collect$$libshutdown$$0000000A)
    __rt_lib_shutdown_stdio_1                0x08000193   Thumb Code     0  libshutdown2.o(.ARM.Collect$$libshutdown$$00000004)
    __rt_lib_shutdown_user_alloc_1           0x08000193   Thumb Code     0  libshutdown2.o(.ARM.Collect$$libshutdown$$0000000C)
    __rt_entry                               0x08000195   Thumb Code     0  __rtentry.o(.ARM.Collect$$rtentry$$00000000)
    __rt_entry_presh_1                       0x08000195   Thumb Code     0  __rtentry2.o(.ARM.Collect$$rtentry$$00000002)
    __rt_entry_sh                            0x08000195   Thumb Code     0  __rtentry4.o(.ARM.Collect$$rtentry$$00000004)
    __rt_entry_li                            0x0800019b   Thumb Code     0  __rtentry2.o(.ARM.Collect$$rtentry$$0000000A)
    __rt_entry_postsh_1                      0x0800019b   Thumb Code     0  __rtentry2.o(.ARM.Collect$$rtentry$$00000009)
    __rt_entry_main                          0x0800019f   Thumb Code     0  __rtentry2.o(.ARM.Collect$$rtentry$$0000000D)
    __rt_entry_postli_1                      0x0800019f   Thumb Code     0  __rtentry2.o(.ARM.Collect$$rtentry$$0000000C)
    __rt_exit                                0x080001a7   Thumb Code     0  rtexit.o(.ARM.Collect$$rtexit$$00000000)
    __rt_exit_ls                             0x080001a9   Thumb Code     0  rtexit2.o(.ARM.Collect$$rtexit$$00000003)
    __rt_exit_prels_1                        0x080001a9   Thumb Code     0  rtexit2.o(.ARM.Collect$$rtexit$$00000002)
    __rt_exit_exit                           0x080001ad   Thumb Code     0  rtexit2.o(.ARM.Collect$$rtexit$$00000004)
    Reset_Handler                            0x080001b5   Thumb Code     8  startup_stm32f10x_md.o(.text)
    NMI_Handler                              0x080001bd   Thumb Code     2  startup_stm32f10x_md.o(.text)
    HardFault_Handler                        0x080001bf   Thumb Code     2  startup_stm32f10x_md.o(.text)
    MemManage_Handler                        0x080001c1   Thumb Code     2  startup_stm32f10x_md.o(.text)
    BusFault_Handler                         0x080001c3   Thumb Code     2  startup_stm32f10x_md.o(.text)
    UsageFault_Handler                       0x080001c5   Thumb Code     2  startup_stm32f10x_md.o(.text)
    SVC_Handler                              0x080001c7   Thumb Code     2  startup_stm32f10x_md.o(.text)
    DebugMon_Handler                         0x080001c9   Thumb Code     2  startup_stm32f10x_md.o(.text)
    PendSV_Handler                           0x080001cb   Thumb Code     2  startup_stm32f10x_md.o(.text)
    SysTick_Handler                          0x080001cd   Thumb Code     2  startup_stm32f10x_md.o(.text)
    ADC1_2_IRQHandler                        0x080001cf   Thumb Code     0  startup_stm32f10x_md.o(.text)
    CAN1_RX1_IRQHandler                      0x080001cf   Thumb Code     0  startup_stm32f10x_md.o(.text)
    CAN1_SCE_IRQHandler                      0x080001cf   Thumb Code     0  startup_stm32f10x_md.o(.text)
    EXTI0_IRQHandler                         0x080001cf   Thumb Code     0  startup_stm32f10x_md.o(.text)
    EXTI15_10_IRQHandler                     0x080001cf   Thumb Code     0  startup_stm32f10x_md.o(.text)
    EXTI1_IRQHandler                         0x080001cf   Thumb Code     0  startup_stm32f10x_md.o(.text)
    EXTI2_IRQHandler                         0x080001cf   Thumb Code     0  startup_stm32f10x_md.o(.text)
    EXTI3_IRQHandler                         0x080001cf   Thumb Code     0  startup_stm32f10x_md.o(.text)
    EXTI4_IRQHandler                         0x080001cf   Thumb Code     0  startup_stm32f10x_md.o(.text)
    EXTI9_5_IRQHandler                       0x080001cf   Thumb Code     0  startup_stm32f10x_md.o(.text)
    FLASH_IRQHandler                         0x080001cf   Thumb Code     0  startup_stm32f10x_md.o(.text)
    I2C2_ER_IRQHandler                       0x080001cf   Thumb Code     0  startup_stm32f10x_md.o(.text)
    I2C2_EV_IRQHandler                       0x080001cf   Thumb Code     0  startup_stm32f10x_md.o(.text)
    PVD_IRQHandler                           0x080001cf   Thumb Code     0  startup_stm32f10x_md.o(.text)
    RCC_IRQHandler                           0x080001cf   Thumb Code     0  startup_stm32f10x_md.o(.text)
    RTCAlarm_IRQHandler                      0x080001cf   Thumb Code     0  startup_stm32f10x_md.o(.text)
    RTC_IRQHandler                           0x080001cf   Thumb Code     0  startup_stm32f10x_md.o(.text)
    SPI1_IRQHandler                          0x080001cf   Thumb Code     0  startup_stm32f10x_md.o(.text)
    SPI2_IRQHandler                          0x080001cf   Thumb Code     0  startup_stm32f10x_md.o(.text)
    TAMPER_IRQHandler                        0x080001cf   Thumb Code     0  startup_stm32f10x_md.o(.text)
    TIM1_BRK_IRQHandler                      0x080001cf   Thumb Code     0  startup_stm32f10x_md.o(.text)
    TIM1_CC_IRQHandler                       0x080001cf   Thumb Code     0  startup_stm32f10x_md.o(.text)
    TIM1_TRG_COM_IRQHandler                  0x080001cf   Thumb Code     0  startup_stm32f10x_md.o(.text)
    TIM1_UP_IRQHandler                       0x080001cf   Thumb Code     0  startup_stm32f10x_md.o(.text)
    TIM2_IRQHandler                          0x080001cf   Thumb Code     0  startup_stm32f10x_md.o(.text)
    TIM3_IRQHandler                          0x080001cf   Thumb Code     0  startup_stm32f10x_md.o(.text)
    TIM4_IRQHandler                          0x080001cf   Thumb Code     0  startup_stm32f10x_md.o(.text)
    USART1_IRQHandler                        0x080001cf   Thumb Code     0  startup_stm32f10x_md.o(.text)
    USART2_IRQHandler                        0x080001cf   Thumb Code     0  startup_stm32f10x_md.o(.text)
    USART3_IRQHandler                        0x080001cf   Thumb Code     0  startup_stm32f10x_md.o(.text)
    USBWakeUp_IRQHandler                     0x080001cf   Thumb Code     0  startup_stm32f10x_md.o(.text)
    USB_HP_CAN1_TX_IRQHandler                0x080001cf   Thumb Code     0  startup_stm32f10x_md.o(.text)
    USB_LP_CAN1_RX0_IRQHandler               0x080001cf   Thumb Code     0  startup_stm32f10x_md.o(.text)
    WWDG_IRQHandler                          0x080001cf   Thumb Code     0  startup_stm32f10x_md.o(.text)
    __user_initial_stackheap                 0x080001d1   Thumb Code     0  startup_stm32f10x_md.o(.text)
    __use_two_region_memory                  0x080001f5   Thumb Code     2  heapauxi.o(.text)
    __rt_heap_escrow$2region                 0x080001f7   Thumb Code     2  heapauxi.o(.text)
    __rt_heap_expand$2region                 0x080001f9   Thumb Code     2  heapauxi.o(.text)
    __user_setup_stackheap                   0x080001fb   Thumb Code    74  sys_stackheap_outer.o(.text)
    exit                                     0x08000245   Thumb Code    18  exit.o(.text)
    __user_libspace                          0x08000259   Thumb Code     8  libspace.o(.text)
    __user_perproc_libspace                  0x08000259   Thumb Code     0  libspace.o(.text)
    __user_perthread_libspace                0x08000259   Thumb Code     0  libspace.o(.text)
    _sys_exit                                0x08000261   Thumb Code     8  sys_exit.o(.text)
    __I$use$semihosting                      0x0800026d   Thumb Code     0  use_no_semi.o(.text)
    __use_no_semihosting_swi                 0x0800026d   Thumb Code     2  use_no_semi.o(.text)
    __semihosting_library_function           0x0800026f   Thumb Code     0  indicate_semi.o(.text)
    DMA1_Channel1_Event                      0x08000271   Thumb Code     8  dma_stm32f10x.o(.text.DMA1_Channel1_Event)
    DMA1_Channel1_IRQHandler                 0x08000279   Thumb Code    38  dma_stm32f10x.o(.text.DMA1_Channel1_IRQHandler)
    DMA1_Channel2_Event                      0x080002a1   Thumb Code     8  dma_stm32f10x.o(.text.DMA1_Channel2_Event)
    DMA1_Channel2_IRQHandler                 0x080002a9   Thumb Code    40  dma_stm32f10x.o(.text.DMA1_Channel2_IRQHandler)
    DMA1_Channel3_Event                      0x080002d1   Thumb Code     8  dma_stm32f10x.o(.text.DMA1_Channel3_Event)
    DMA1_Channel3_IRQHandler                 0x080002d9   Thumb Code    40  dma_stm32f10x.o(.text.DMA1_Channel3_IRQHandler)
    DMA1_Channel4_Event                      0x08000301   Thumb Code     8  dma_stm32f10x.o(.text.DMA1_Channel4_Event)
    DMA1_Channel4_IRQHandler                 0x08000309   Thumb Code    40  dma_stm32f10x.o(.text.DMA1_Channel4_IRQHandler)
    DMA1_Channel5_Event                      0x08000331   Thumb Code     8  dma_stm32f10x.o(.text.DMA1_Channel5_Event)
    DMA1_Channel5_IRQHandler                 0x08000339   Thumb Code    40  dma_stm32f10x.o(.text.DMA1_Channel5_IRQHandler)
    DMA1_Channel6_Event                      0x08000361   Thumb Code     8  dma_stm32f10x.o(.text.DMA1_Channel6_Event)
    DMA1_Channel6_IRQHandler                 0x08000369   Thumb Code    40  dma_stm32f10x.o(.text.DMA1_Channel6_IRQHandler)
    DMA1_Channel7_Event                      0x08000391   Thumb Code     8  dma_stm32f10x.o(.text.DMA1_Channel7_Event)
    DMA1_Channel7_IRQHandler                 0x08000399   Thumb Code    40  dma_stm32f10x.o(.text.DMA1_Channel7_IRQHandler)
    GPIO_AFConfigure                         0x080003c1   Thumb Code   228  gpio_stm32f10x.o(.text.GPIO_AFConfigure)
    GPIO_GetPortClockState                   0x080004a5   Thumb Code   284  gpio_stm32f10x.o(.text.GPIO_GetPortClockState)
    GPIO_PinConfigure                        0x080005c1   Thumb Code   222  gpio_stm32f10x.o(.text.GPIO_PinConfigure)
    GPIO_PortClock                           0x080006ed   Thumb Code   528  gpio_stm32f10x.o(.text.GPIO_PortClock)
    I2C1_ER_IRQHandler                       0x08000919   Thumb Code    16  i2c_stm32f10x.o(.text.I2C1_ER_IRQHandler)
    I2C1_EV_IRQHandler                       0x08000929   Thumb Code    16  i2c_stm32f10x.o(.text.I2C1_EV_IRQHandler)
    SleepMilisecond                          0x08001e3d   Thumb Code    86  main.o(.text.SleepMilisecond)
    SystemCoreClockUpdate                    0x08001e95   Thumb Code   290  system_stm32f10x.o(.text.SystemCoreClockUpdate)
    SystemInit                               0x08001fb9   Thumb Code   102  system_stm32f10x.o(.text.SystemInit)
    main                                     0x080020ed   Thumb Code   156  main.o(.text.main)
    AHBPrescTable                            0x08002188   Data          16  system_stm32f10x.o(.rodata.AHBPrescTable)
    Driver_I2C1                              0x08002198   Data          48  i2c_stm32f10x.o(.rodata.Driver_I2C1)
    Region$$Table$$Base                      0x080021f0   Number         0  anon$$obj.o(Region$$Table)
    Region$$Table$$Limit                     0x08002210   Number         0  anon$$obj.o(Region$$Table)
    SystemCoreClock                          0x20000000   Data           4  system_stm32f10x.o(.data.SystemCoreClock)
    __libspace_start                         0x20000008   Data          96  libspace.o(.bss)
    __temporary_stack_top$libspace           0x20000068   Data           0  libspace.o(.bss)



==============================================================================

Memory Map of the image

  Image Entry point : 0x080000ed

  Load Region LR_IROM1 (Base: 0x08000000, Size: 0x00002218, Max: 0x00010000, ABSOLUTE)

    Execution Region ER_IROM1 (Exec base: 0x08000000, Load base: 0x08000000, Size: 0x00002210, Max: 0x00010000, ABSOLUTE)

    Exec Addr    Load Addr    Size         Type   Attr      Idx    E Section Name        Object

    0x08000000   0x08000000   0x000000ec   Data   RO          156    RESET               startup_stm32f10x_md.o
    0x080000ec   0x080000ec   0x00000008   Code   RO          182  * !!!main             c_w.l(__main.o)
    0x080000f4   0x080000f4   0x0000005c   Code   RO          347    !!!scatter          c_w.l(__scatter.o)
    0x08000150   0x08000150   0x0000001a   Code   RO          351    !!handler_copy      c_w.l(__scatter_copy.o)
    0x0800016a   0x0800016a   0x00000002   PAD
    0x0800016c   0x0800016c   0x00000002   Code   RO          348    !!handler_null      c_w.l(__scatter.o)
    0x0800016e   0x0800016e   0x00000002   PAD
    0x08000170   0x08000170   0x0000001c   Code   RO          353    !!handler_zi        c_w.l(__scatter_zi.o)
    0x0800018c   0x0800018c   0x00000002   Code   RO          209    .ARM.Collect$$libinit$$00000000  c_w.l(libinit.o)
    0x0800018e   0x0800018e   0x00000000   Code   RO          216    .ARM.Collect$$libinit$$00000002  c_w.l(libinit2.o)
    0x0800018e   0x0800018e   0x00000000   Code   RO          218    .ARM.Collect$$libinit$$00000004  c_w.l(libinit2.o)
    0x0800018e   0x0800018e   0x00000000   Code   RO          220    .ARM.Collect$$libinit$$00000006  c_w.l(libinit2.o)
    0x0800018e   0x0800018e   0x00000000   Code   RO          223    .ARM.Collect$$libinit$$0000000C  c_w.l(libinit2.o)
    0x0800018e   0x0800018e   0x00000000   Code   RO          225    .ARM.Collect$$libinit$$0000000E  c_w.l(libinit2.o)
    0x0800018e   0x0800018e   0x00000000   Code   RO          227    .ARM.Collect$$libinit$$00000010  c_w.l(libinit2.o)
    0x0800018e   0x0800018e   0x00000000   Code   RO          230    .ARM.Collect$$libinit$$00000013  c_w.l(libinit2.o)
    0x0800018e   0x0800018e   0x00000000   Code   RO          232    .ARM.Collect$$libinit$$00000015  c_w.l(libinit2.o)
    0x0800018e   0x0800018e   0x00000000   Code   RO          234    .ARM.Collect$$libinit$$00000017  c_w.l(libinit2.o)
    0x0800018e   0x0800018e   0x00000000   Code   RO          236    .ARM.Collect$$libinit$$00000019  c_w.l(libinit2.o)
    0x0800018e   0x0800018e   0x00000000   Code   RO          238    .ARM.Collect$$libinit$$0000001B  c_w.l(libinit2.o)
    0x0800018e   0x0800018e   0x00000000   Code   RO          240    .ARM.Collect$$libinit$$0000001D  c_w.l(libinit2.o)
    0x0800018e   0x0800018e   0x00000000   Code   RO          242    .ARM.Collect$$libinit$$0000001F  c_w.l(libinit2.o)
    0x0800018e   0x0800018e   0x00000000   Code   RO          244    .ARM.Collect$$libinit$$00000021  c_w.l(libinit2.o)
    0x0800018e   0x0800018e   0x00000000   Code   RO          246    .ARM.Collect$$libinit$$00000023  c_w.l(libinit2.o)
    0x0800018e   0x0800018e   0x00000000   Code   RO          248    .ARM.Collect$$libinit$$00000025  c_w.l(libinit2.o)
    0x0800018e   0x0800018e   0x00000000   Code   RO          250    .ARM.Collect$$libinit$$00000027  c_w.l(libinit2.o)
    0x0800018e   0x0800018e   0x00000000   Code   RO          254    .ARM.Collect$$libinit$$0000002E  c_w.l(libinit2.o)
    0x0800018e   0x0800018e   0x00000000   Code   RO          256    .ARM.Collect$$libinit$$00000030  c_w.l(libinit2.o)
    0x0800018e   0x0800018e   0x00000000   Code   RO          258    .ARM.Collect$$libinit$$00000032  c_w.l(libinit2.o)
    0x0800018e   0x0800018e   0x00000000   Code   RO          260    .ARM.Collect$$libinit$$00000034  c_w.l(libinit2.o)
    0x0800018e   0x0800018e   0x00000002   Code   RO          261    .ARM.Collect$$libinit$$00000035  c_w.l(libinit2.o)
    0x08000190   0x08000190   0x00000002   Code   RO          283    .ARM.Collect$$libshutdown$$00000000  c_w.l(libshutdown.o)
    0x08000192   0x08000192   0x00000000   Code   RO          298    .ARM.Collect$$libshutdown$$00000002  c_w.l(libshutdown2.o)
    0x08000192   0x08000192   0x00000000   Code   RO          300    .ARM.Collect$$libshutdown$$00000004  c_w.l(libshutdown2.o)
    0x08000192   0x08000192   0x00000000   Code   RO          303    .ARM.Collect$$libshutdown$$00000007  c_w.l(libshutdown2.o)
    0x08000192   0x08000192   0x00000000   Code   RO          306    .ARM.Collect$$libshutdown$$0000000A  c_w.l(libshutdown2.o)
    0x08000192   0x08000192   0x00000000   Code   RO          308    .ARM.Collect$$libshutdown$$0000000C  c_w.l(libshutdown2.o)
    0x08000192   0x08000192   0x00000000   Code   RO          311    .ARM.Collect$$libshutdown$$0000000F  c_w.l(libshutdown2.o)
    0x08000192   0x08000192   0x00000002   Code   RO          312    .ARM.Collect$$libshutdown$$00000010  c_w.l(libshutdown2.o)
    0x08000194   0x08000194   0x00000000   Code   RO          184    .ARM.Collect$$rtentry$$00000000  c_w.l(__rtentry.o)
    0x08000194   0x08000194   0x00000000   Code   RO          186    .ARM.Collect$$rtentry$$00000002  c_w.l(__rtentry2.o)
    0x08000194   0x08000194   0x00000006   Code   RO          198    .ARM.Collect$$rtentry$$00000004  c_w.l(__rtentry4.o)
    0x0800019a   0x0800019a   0x00000000   Code   RO          188    .ARM.Collect$$rtentry$$00000009  c_w.l(__rtentry2.o)
    0x0800019a   0x0800019a   0x00000004   Code   RO          189    .ARM.Collect$$rtentry$$0000000A  c_w.l(__rtentry2.o)
    0x0800019e   0x0800019e   0x00000000   Code   RO          191    .ARM.Collect$$rtentry$$0000000C  c_w.l(__rtentry2.o)
    0x0800019e   0x0800019e   0x00000008   Code   RO          192    .ARM.Collect$$rtentry$$0000000D  c_w.l(__rtentry2.o)
    0x080001a6   0x080001a6   0x00000002   Code   RO          213    .ARM.Collect$$rtexit$$00000000  c_w.l(rtexit.o)
    0x080001a8   0x080001a8   0x00000000   Code   RO          263    .ARM.Collect$$rtexit$$00000002  c_w.l(rtexit2.o)
    0x080001a8   0x080001a8   0x00000004   Code   RO          264    .ARM.Collect$$rtexit$$00000003  c_w.l(rtexit2.o)
    0x080001ac   0x080001ac   0x00000006   Code   RO          265    .ARM.Collect$$rtexit$$00000004  c_w.l(rtexit2.o)
    0x080001b2   0x080001b2   0x00000002   PAD
    0x080001b4   0x080001b4   0x00000040   Code   RO          157    .text               startup_stm32f10x_md.o
    0x080001f4   0x080001f4   0x00000006   Code   RO          180    .text               c_w.l(heapauxi.o)
    0x080001fa   0x080001fa   0x0000004a   Code   RO          200    .text               c_w.l(sys_stackheap_outer.o)
    0x08000244   0x08000244   0x00000012   Code   RO          202    .text               c_w.l(exit.o)
    0x08000256   0x08000256   0x00000002   PAD
    0x08000258   0x08000258   0x00000008   Code   RO          210    .text               c_w.l(libspace.o)
    0x08000260   0x08000260   0x0000000c   Code   RO          273    .text               c_w.l(sys_exit.o)
    0x0800026c   0x0800026c   0x00000002   Code   RO          288    .text               c_w.l(use_no_semi.o)
    0x0800026e   0x0800026e   0x00000000   Code   RO          290    .text               c_w.l(indicate_semi.o)
    0x0800026e   0x0800026e   0x00000002   PAD
    0x08000270   0x08000270   0x00000008   Code   RO          104    .text.DMA1_Channel1_Event  dma_stm32f10x.o
    0x08000278   0x08000278   0x00000026   Code   RO          118    .text.DMA1_Channel1_IRQHandler  dma_stm32f10x.o
    0x0800029e   0x0800029e   0x00000002   PAD
    0x080002a0   0x080002a0   0x00000008   Code   RO          106    .text.DMA1_Channel2_Event  dma_stm32f10x.o
    0x080002a8   0x080002a8   0x00000028   Code   RO          120    .text.DMA1_Channel2_IRQHandler  dma_stm32f10x.o
    0x080002d0   0x080002d0   0x00000008   Code   RO          108    .text.DMA1_Channel3_Event  dma_stm32f10x.o
    0x080002d8   0x080002d8   0x00000028   Code   RO          122    .text.DMA1_Channel3_IRQHandler  dma_stm32f10x.o
    0x08000300   0x08000300   0x00000008   Code   RO          110    .text.DMA1_Channel4_Event  dma_stm32f10x.o
    0x08000308   0x08000308   0x00000028   Code   RO          124    .text.DMA1_Channel4_IRQHandler  dma_stm32f10x.o
    0x08000330   0x08000330   0x00000008   Code   RO          112    .text.DMA1_Channel5_Event  dma_stm32f10x.o
    0x08000338   0x08000338   0x00000028   Code   RO          126    .text.DMA1_Channel5_IRQHandler  dma_stm32f10x.o
    0x08000360   0x08000360   0x00000008   Code   RO          114    .text.DMA1_Channel6_Event  dma_stm32f10x.o
    0x08000368   0x08000368   0x00000028   Code   RO          128    .text.DMA1_Channel6_IRQHandler  dma_stm32f10x.o
    0x08000390   0x08000390   0x00000008   Code   RO          116    .text.DMA1_Channel7_Event  dma_stm32f10x.o
    0x08000398   0x08000398   0x00000028   Code   RO          130    .text.DMA1_Channel7_IRQHandler  dma_stm32f10x.o
    0x080003c0   0x080003c0   0x000000e4   Code   RO          146    .text.GPIO_AFConfigure  gpio_stm32f10x.o
    0x080004a4   0x080004a4   0x0000011c   Code   RO          142    .text.GPIO_GetPortClockState  gpio_stm32f10x.o
    0x080005c0   0x080005c0   0x000000de   Code   RO          144    .text.GPIO_PinConfigure  gpio_stm32f10x.o
    0x0800069e   0x0800069e   0x00000002   PAD
    0x080006a0   0x080006a0   0x00000016   Code   RO           78    .text.GPIO_PinRead  i2c_stm32f10x.o
    0x080006b6   0x080006b6   0x00000002   PAD
    0x080006b8   0x080006b8   0x00000032   Code   RO           76    .text.GPIO_PinWrite  i2c_stm32f10x.o
    0x080006ea   0x080006ea   0x00000002   PAD
    0x080006ec   0x080006ec   0x00000210   Code   RO          140    .text.GPIO_PortClock  gpio_stm32f10x.o
    0x080008fc   0x080008fc   0x0000001c   Code   RO           48    .text.I2C1_Control  i2c_stm32f10x.o
    0x08000918   0x08000918   0x00000010   Code   RO           24    .text.I2C1_ER_IRQHandler  i2c_stm32f10x.o
    0x08000928   0x08000928   0x00000010   Code   RO           20    .text.I2C1_EV_IRQHandler  i2c_stm32f10x.o
    0x08000938   0x08000938   0x00000010   Code   RO           46    .text.I2C1_GetDataCount  i2c_stm32f10x.o
    0x08000948   0x08000948   0x00000018   Code   RO           50    .text.I2C1_GetStatus  i2c_stm32f10x.o
    0x08000960   0x08000960   0x00000018   Code   RO           32    .text.I2C1_Initialize  i2c_stm32f10x.o
    0x08000978   0x08000978   0x00000032   Code   RO           40    .text.I2C1_MasterReceive  i2c_stm32f10x.o
    0x080009aa   0x080009aa   0x00000002   PAD
    0x080009ac   0x080009ac   0x00000032   Code   RO           38    .text.I2C1_MasterTransmit  i2c_stm32f10x.o
    0x080009de   0x080009de   0x00000002   PAD
    0x080009e0   0x080009e0   0x0000001c   Code   RO           36    .text.I2C1_PowerControl  i2c_stm32f10x.o
    0x080009fc   0x080009fc   0x0000001c   Code   RO           44    .text.I2C1_SlaveReceive  i2c_stm32f10x.o
    0x08000a18   0x08000a18   0x0000001c   Code   RO           42    .text.I2C1_SlaveTransmit  i2c_stm32f10x.o
    0x08000a34   0x08000a34   0x00000010   Code   RO           34    .text.I2C1_Uninitialize  i2c_stm32f10x.o
    0x08000a44   0x08000a44   0x0000000c   Code   RO           30    .text.I2CX_GetCapabilities  i2c_stm32f10x.o
    0x08000a50   0x08000a50   0x00000012   Code   RO           28    .text.I2CX_GetVersion  i2c_stm32f10x.o
    0x08000a62   0x08000a62   0x00000002   PAD
    0x08000a64   0x08000a64   0x0000046c   Code   RO           74    .text.I2C_Control   i2c_stm32f10x.o
    0x08000ed0   0x08000ed0   0x000001ae   Code   RO           26    .text.I2C_ER_IRQHandler  i2c_stm32f10x.o
    0x0800107e   0x0800107e   0x00000002   PAD
    0x08001080   0x08001080   0x00000796   Code   RO           22    .text.I2C_EV_IRQHandler  i2c_stm32f10x.o
    0x08001816   0x08001816   0x00000002   PAD
    0x08001818   0x08001818   0x00000018   Code   RO            6    .text.I2C_EventCallback  main.o
    0x08001830   0x08001830   0x00000038   Code   RO           72    .text.I2C_GetDataCount  i2c_stm32f10x.o
    0x08001868   0x08001868   0x00000012   Code   RO           80    .text.I2C_GetStatus  i2c_stm32f10x.o
    0x0800187a   0x0800187a   0x00000002   PAD
    0x0800187c   0x0800187c   0x00000086   Code   RO           52    .text.I2C_Initialize  i2c_stm32f10x.o
    0x08001902   0x08001902   0x00000002   PAD
    0x08001904   0x08001904   0x00000126   Code   RO           66    .text.I2C_MasterReceive  i2c_stm32f10x.o
    0x08001a2a   0x08001a2a   0x00000002   PAD
    0x08001a2c   0x08001a2c   0x0000011a   Code   RO           64    .text.I2C_MasterTransmit  i2c_stm32f10x.o
    0x08001b46   0x08001b46   0x00000002   PAD
    0x08001b48   0x08001b48   0x0000019c   Code   RO           56    .text.I2C_PowerControl  i2c_stm32f10x.o
    0x08001ce4   0x08001ce4   0x00000094   Code   RO           70    .text.I2C_SlaveReceive  i2c_stm32f10x.o
    0x08001d78   0x08001d78   0x00000088   Code   RO           68    .text.I2C_SlaveTransmit  i2c_stm32f10x.o
    0x08001e00   0x08001e00   0x00000038   Code   RO           54    .text.I2C_Uninitialize  i2c_stm32f10x.o
    0x08001e38   0x08001e38   0x00000002   Code   RO          166    .text.SetSysClock   system_stm32f10x.o
    0x08001e3a   0x08001e3a   0x00000002   PAD
    0x08001e3c   0x08001e3c   0x00000056   Code   RO            2    .text.SleepMilisecond  main.o
    0x08001e92   0x08001e92   0x00000002   PAD
    0x08001e94   0x08001e94   0x00000122   Code   RO          168    .text.SystemCoreClockUpdate  system_stm32f10x.o
    0x08001fb6   0x08001fb6   0x00000002   PAD
    0x08001fb8   0x08001fb8   0x00000066   Code   RO          164    .text.SystemInit    system_stm32f10x.o
    0x0800201e   0x0800201e   0x00000002   PAD
    0x08002020   0x08002020   0x00000034   Code   RO            8    .text.TimerMilisecondInitialize  main.o
    0x08002054   0x08002054   0x00000030   Code   RO           60    .text.__NVIC_ClearPendingIRQ  i2c_stm32f10x.o
    0x08002084   0x08002084   0x00000038   Code   RO           58    .text.__NVIC_DisableIRQ  i2c_stm32f10x.o
    0x080020bc   0x080020bc   0x00000030   Code   RO           62    .text.__NVIC_EnableIRQ  i2c_stm32f10x.o
    0x080020ec   0x080020ec   0x0000009c   Code   RO            4    .text.main          main.o
    0x08002188   0x08002188   0x00000010   Data   RO          171    .rodata.AHBPrescTable  system_stm32f10x.o
    0x08002198   0x08002198   0x00000030   Data   RO           83    .rodata.Driver_I2C1  i2c_stm32f10x.o
    0x080021c8   0x080021c8   0x00000028   Data   RO           82    .rodata.I2C1_Resources  i2c_stm32f10x.o
    0x080021f0   0x080021f0   0x00000020   Data   RO          346    Region$$Table       anon$$obj.o


    Execution Region RW_IRAM1 (Exec base: 0x20000000, Load base: 0x08002210, Size: 0x00000688, Max: 0x00005000, ABSOLUTE)

    Exec Addr    Load Addr    Size         Type   Attr      Idx    E Section Name        Object

    0x20000000   0x08002210   0x00000004   Data   RW          170    .data.SystemCoreClock  system_stm32f10x.o
    0x20000004   0x08002214   0x00000004   PAD
    0x20000008        -       0x00000060   Zero   RW          211    .bss                c_w.l(libspace.o)
    0x20000068        -       0x0000001c   Zero   RW           84    .bss.I2C1_Info      i2c_stm32f10x.o
    0x20000084        -       0x00000004   Zero   RW           11    .bss.I2C_Event      main.o
    0x20000088        -       0x00000200   Zero   RW          155    HEAP                startup_stm32f10x_md.o
    0x20000288        -       0x00000400   Zero   RW          154    STACK               startup_stm32f10x_md.o


==============================================================================

Image component sizes


      Code (inc. data)   RO Data    RW Data    ZI Data      Debug   Object Name

       334          0          0          0          0       5830   dma_stm32f10x.o
      1262          0          0          0          0       5153   gpio_stm32f10x.o
      5618          8         88          0         28      17145   i2c_stm32f10x.o
       318          0          0          0          4       4470   main.o
        64         26        236          0       1536        832   startup_stm32f10x_md.o
       394          0         16          4          0       2375   system_stm32f10x.o

    ----------------------------------------------------------------------
      8024         34        372          4       1572      35805   Object Totals
         0          0         32          0          0          0   (incl. Generated)
        34          0          0          0          4          0   (incl. Padding)

    ----------------------------------------------------------------------

      Code (inc. data)   RO Data    RW Data    ZI Data      Debug   Library Member Name

         8          0          0          0          0         68   __main.o
         0          0          0          0          0          0   __rtentry.o
        12          0          0          0          0          0   __rtentry2.o
         6          0          0          0          0          0   __rtentry4.o
        94          8          0          0          0          0   __scatter.o
        26          0          0          0          0          0   __scatter_copy.o
        28          0          0          0          0          0   __scatter_zi.o
        18          0          0          0          0         80   exit.o
         6          0          0          0          0        152   heapauxi.o
         0          0          0          0          0          0   indicate_semi.o
         2          0          0          0          0          0   libinit.o
         2          0          0          0          0          0   libinit2.o
         2          0          0          0          0          0   libshutdown.o
         2          0          0          0          0          0   libshutdown2.o
         8          4          0          0         96         68   libspace.o
         2          0          0          0          0          0   rtexit.o
        10          0          0          0          0          0   rtexit2.o
        12          4          0          0          0         68   sys_exit.o
        74          0          0          0          0         80   sys_stackheap_outer.o
         2          0          0          0          0         68   use_no_semi.o

    ----------------------------------------------------------------------
       324         16          0          0         96        584   Library Totals
        10          0          0          0          0          0   (incl. Padding)

    ----------------------------------------------------------------------

      Code (inc. data)   RO Data    RW Data    ZI Data      Debug   Library Name

       314         16          0          0         96        584   c_w.l

    ----------------------------------------------------------------------
       324         16          0          0         96        584   Library Totals

    ----------------------------------------------------------------------

==============================================================================


      Code (inc. data)   RO Data    RW Data    ZI Data      Debug   

      8348         50        372          4       1668      36269   Grand Totals
      8348         50        372          4       1668      36269   ELF Image Totals
      8348         50        372          4          0          0   ROM Totals

==============================================================================

    Total RO  Size (Code + RO Data)                 8720 (   8.52kB)
    Total RW  Size (RW Data + ZI Data)              1672 (   1.63kB)
    Total ROM Size (Code + RO Data + RW Data)       8724 (   8.52kB)

==============================================================================

